// Jest Snapshot v1, https://goo.gl/fbAQLP

exports[`<Button> hook:styler 1`] = `
<View
  accessible={true}
  focusable={false}
  onClick={[Function]}
  onResponderGrant={[Function]}
  onResponderMove={[Function]}
  onResponderRelease={[Function]}
  onResponderTerminate={[Function]}
  onResponderTerminationRequest={[Function]}
  onStartShouldSetResponder={[Function]}
  pointerEvents="none"
  style={
    Array [
      undefined,
      Array [
        Object {
          "alignContent": "center",
          "alignItems": "center",
          "alignSelf": "flex-start",
          "justifyContent": "center",
          "width": "auto",
        },
        undefined,
        Object {
          "height": 48,
          "paddingHorizontal": 16,
        },
        undefined,
        Object {
          "backgroundColor": "#62e6ac",
          "borderRadius": 0,
        },
        Object {
          "marginBottom": 16,
        },
        undefined,
      ],
      Array [
        Object {
          "alignContent": "center",
          "alignItems": "center",
          "alignSelf": "flex-start",
          "justifyContent": "center",
          "width": "auto",
        },
        undefined,
        Object {
          "height": 48,
          "paddingHorizontal": 16,
        },
        undefined,
        Object {
          "backgroundColor": "#62e6ac",
          "borderRadius": 0,
        },
        Object {
          "marginBottom": 16,
        },
        undefined,
      ],
    ]
  }
>
  <View
    style={
      Array [
        Object {
          "display": "flex",
          "flexDirection": "row",
          "height": "auto",
          "width": "100%",
        },
        Object {
          "alignItems": "center",
        },
        Object {
          "justifyContent": "center",
        },
        Object {
          "width": "auto",
        },
        undefined,
      ]
    }
  >
    <Text
      style={
        Array [
          Object {
            "color": "#191919",
            "fontFamily": undefined,
            "textAlignVertical": "center",
          },
          Object {
            "fontSize": 16,
            "lineHeight": 24,
          },
          undefined,
          undefined,
          Object {
            "color": "#ffffff",
          },
          Array [
            Object {
              "fontWeight": "700",
              "paddingHorizontal": 8,
            },
            false,
          ],
        ]
      }
    >
      Press me
    </Text>
  </View>
  <View
    style={
      Array [
        Object {
          "backgroundColor": "transparent",
          "borderRadius": 0,
          "bottom": 0,
          "left": 0,
          "overflow": "hidden",
          "position": "absolute",
          "right": 0,
          "top": 0,
        },
        0,
      ]
    }
  >
    <View
      style={
        Object {
          "backgroundColor": "#ffffff",
          "height": 0,
          "opacity": 0,
          "width": 0,
          "zIndex": 0,
        }
      }
    />
  </View>
</View>
`;

exports[`<Button> renders 1`] = `
<View
  accessible={true}
  focusable={false}
  onClick={[Function]}
  onResponderGrant={[Function]}
  onResponderMove={[Function]}
  onResponderRelease={[Function]}
  onResponderTerminate={[Function]}
  onResponderTerminationRequest={[Function]}
  onStartShouldSetResponder={[Function]}
  pointerEvents="none"
  style={
    Array [
      undefined,
      Array [
        Object {
          "alignContent": "center",
          "alignItems": "center",
          "alignSelf": "flex-start",
          "justifyContent": "center",
          "width": "auto",
        },
        undefined,
        Object {
          "height": 48,
          "paddingHorizontal": 16,
        },
        undefined,
        Object {
          "backgroundColor": "#62e6ac",
          "borderRadius": 0,
        },
        undefined,
      ],
      Array [
        Object {
          "alignContent": "center",
          "alignItems": "center",
          "alignSelf": "flex-start",
          "justifyContent": "center",
          "width": "auto",
        },
        undefined,
        Object {
          "height": 48,
          "paddingHorizontal": 16,
        },
        undefined,
        Object {
          "backgroundColor": "#62e6ac",
          "borderRadius": 0,
        },
        undefined,
      ],
    ]
  }
>
  <View
    style={
      Array [
        Object {
          "display": "flex",
          "flexDirection": "row",
          "height": "auto",
          "width": "100%",
        },
        Object {
          "alignItems": "center",
        },
        Object {
          "justifyContent": "center",
        },
        Object {
          "width": "auto",
        },
        undefined,
      ]
    }
  />
  <View
    style={
      Array [
        Object {
          "backgroundColor": "transparent",
          "borderRadius": 0,
          "bottom": 0,
          "left": 0,
          "overflow": "hidden",
          "position": "absolute",
          "right": 0,
          "top": 0,
        },
        0,
      ]
    }
  >
    <View
      style={
        Object {
          "backgroundColor": "#ffffff",
          "height": 0,
          "opacity": 0,
          "width": 0,
          "zIndex": 0,
        }
      }
    />
  </View>
</View>
`;

exports[`<Button> when {activity} 1`] = `
<View
  accessible={true}
  focusable={false}
  onClick={[Function]}
  onResponderGrant={[Function]}
  onResponderMove={[Function]}
  onResponderRelease={[Function]}
  onResponderTerminate={[Function]}
  onResponderTerminationRequest={[Function]}
  onStartShouldSetResponder={[Function]}
  pointerEvents="none"
  style={
    Array [
      undefined,
      Array [
        Object {
          "alignContent": "center",
          "alignItems": "center",
          "alignSelf": "flex-start",
          "justifyContent": "center",
          "width": "auto",
        },
        undefined,
        Object {
          "height": 48,
          "paddingHorizontal": 16,
        },
        undefined,
        Object {
          "backgroundColor": "#62e6ac",
          "borderRadius": 0,
        },
        undefined,
      ],
      Array [
        Object {
          "alignContent": "center",
          "alignItems": "center",
          "alignSelf": "flex-start",
          "justifyContent": "center",
          "width": "auto",
        },
        undefined,
        Object {
          "height": 48,
          "paddingHorizontal": 16,
        },
        undefined,
        Object {
          "backgroundColor": "#62e6ac",
          "borderRadius": 0,
        },
        undefined,
      ],
    ]
  }
>
  <View
    style={
      Array [
        Object {
          "display": "flex",
          "flexDirection": "row",
          "height": "auto",
          "width": "100%",
        },
        Object {
          "alignItems": "center",
        },
        Object {
          "justifyContent": "center",
        },
        Object {
          "width": "auto",
        },
        undefined,
      ]
    }
  >
    <Text
      style={
        Array [
          Object {
            "color": "#191919",
            "fontFamily": undefined,
            "textAlignVertical": "center",
          },
          Object {
            "fontSize": 16,
            "lineHeight": 24,
          },
          undefined,
          undefined,
          Object {
            "color": "#ffffff",
          },
          undefined,
        ]
      }
    >
      $Busy
    </Text>
  </View>
  <View
    style={
      Array [
        Object {
          "backgroundColor": "transparent",
          "borderRadius": 0,
          "bottom": 0,
          "left": 0,
          "overflow": "hidden",
          "position": "absolute",
          "right": 0,
          "top": 0,
        },
        0,
      ]
    }
  >
    <View
      style={
        Object {
          "backgroundColor": "#ffffff",
          "height": 0,
          "opacity": 0,
          "width": 0,
          "zIndex": 0,
        }
      }
    />
  </View>
</View>
`;

exports[`<Button> when {borderRadius} 1`] = `
<View
  accessible={true}
  focusable={false}
  onClick={[Function]}
  onResponderGrant={[Function]}
  onResponderMove={[Function]}
  onResponderRelease={[Function]}
  onResponderTerminate={[Function]}
  onResponderTerminationRequest={[Function]}
  onStartShouldSetResponder={[Function]}
  pointerEvents="none"
  style={
    Array [
      undefined,
      Array [
        Object {
          "alignContent": "center",
          "alignItems": "center",
          "alignSelf": "flex-start",
          "justifyContent": "center",
          "width": "auto",
        },
        undefined,
        Object {
          "height": 48,
          "paddingHorizontal": 16,
        },
        undefined,
        Object {
          "backgroundColor": "#62e6ac",
          "borderRadius": 10,
        },
        undefined,
      ],
      Array [
        Object {
          "alignContent": "center",
          "alignItems": "center",
          "alignSelf": "flex-start",
          "justifyContent": "center",
          "width": "auto",
        },
        undefined,
        Object {
          "height": 48,
          "paddingHorizontal": 16,
        },
        undefined,
        Object {
          "backgroundColor": "#62e6ac",
          "borderRadius": 10,
        },
        undefined,
      ],
    ]
  }
>
  <View
    style={
      Array [
        Object {
          "display": "flex",
          "flexDirection": "row",
          "height": "auto",
          "width": "100%",
        },
        Object {
          "alignItems": "center",
        },
        Object {
          "justifyContent": "center",
        },
        Object {
          "width": "auto",
        },
        undefined,
      ]
    }
  >
    <Text
      style={
        Array [
          Object {
            "color": "#191919",
            "fontFamily": undefined,
            "textAlignVertical": "center",
          },
          Object {
            "fontSize": 16,
            "lineHeight": 24,
          },
          undefined,
          undefined,
          Object {
            "color": "#ffffff",
          },
          Array [
            Object {
              "fontWeight": "700",
              "paddingHorizontal": 8,
            },
            false,
          ],
        ]
      }
    >
      Press me
    </Text>
  </View>
  <View
    style={
      Array [
        Object {
          "backgroundColor": "transparent",
          "borderRadius": 0,
          "bottom": 0,
          "left": 0,
          "overflow": "hidden",
          "position": "absolute",
          "right": 0,
          "top": 0,
        },
        Object {
          "borderRadius": 10,
        },
      ]
    }
  >
    <View
      style={
        Object {
          "backgroundColor": "#ffffff",
          "height": 0,
          "opacity": 0,
          "width": 0,
          "zIndex": 0,
        }
      }
    />
  </View>
</View>
`;

exports[`<Button> when {children} 1`] = `
<View
  accessible={true}
  focusable={false}
  onClick={[Function]}
  onResponderGrant={[Function]}
  onResponderMove={[Function]}
  onResponderRelease={[Function]}
  onResponderTerminate={[Function]}
  onResponderTerminationRequest={[Function]}
  onStartShouldSetResponder={[Function]}
  pointerEvents="none"
  style={
    Array [
      undefined,
      Array [
        Object {
          "alignContent": "center",
          "alignItems": "center",
          "alignSelf": "flex-start",
          "justifyContent": "center",
          "width": "auto",
        },
        undefined,
        Object {
          "height": 48,
          "paddingHorizontal": 16,
        },
        undefined,
        Object {
          "backgroundColor": "#62e6ac",
          "borderRadius": 0,
        },
        undefined,
      ],
      Array [
        Object {
          "alignContent": "center",
          "alignItems": "center",
          "alignSelf": "flex-start",
          "justifyContent": "center",
          "width": "auto",
        },
        undefined,
        Object {
          "height": 48,
          "paddingHorizontal": 16,
        },
        undefined,
        Object {
          "backgroundColor": "#62e6ac",
          "borderRadius": 0,
        },
        undefined,
      ],
    ]
  }
>
  <View
    style={
      Array [
        Object {
          "display": "flex",
          "flexDirection": "row",
          "height": "auto",
          "width": "100%",
        },
        Object {
          "alignItems": "center",
        },
        Object {
          "justifyContent": "center",
        },
        Object {
          "width": "auto",
        },
        undefined,
      ]
    }
  >
    <Text
      style={
        Array [
          Object {
            "color": "#191919",
            "fontFamily": undefined,
            "textAlignVertical": "center",
          },
          Object {
            "fontSize": 32,
            "fontWeight": "700",
          },
          undefined,
          undefined,
          Object {
            "color": "white",
          },
          undefined,
        ]
      }
    >
      $19,95
    </Text>
  </View>
  <View
    style={
      Array [
        Object {
          "backgroundColor": "transparent",
          "borderRadius": 0,
          "bottom": 0,
          "left": 0,
          "overflow": "hidden",
          "position": "absolute",
          "right": 0,
          "top": 0,
        },
        0,
      ]
    }
  >
    <View
      style={
        Object {
          "backgroundColor": "#ffffff",
          "height": 0,
          "opacity": 0,
          "width": 0,
          "zIndex": 0,
        }
      }
    />
  </View>
</View>
`;

exports[`<Button> when {color} 1`] = `
<View
  accessible={true}
  focusable={false}
  onClick={[Function]}
  onResponderGrant={[Function]}
  onResponderMove={[Function]}
  onResponderRelease={[Function]}
  onResponderTerminate={[Function]}
  onResponderTerminationRequest={[Function]}
  onStartShouldSetResponder={[Function]}
  pointerEvents="none"
  style={
    Array [
      undefined,
      Array [
        Object {
          "alignContent": "center",
          "alignItems": "center",
          "alignSelf": "flex-start",
          "justifyContent": "center",
          "width": "auto",
        },
        undefined,
        Object {
          "height": 48,
          "paddingHorizontal": 16,
        },
        undefined,
        Object {
          "backgroundColor": "#000000",
          "borderRadius": 0,
        },
        undefined,
      ],
      Array [
        Object {
          "alignContent": "center",
          "alignItems": "center",
          "alignSelf": "flex-start",
          "justifyContent": "center",
          "width": "auto",
        },
        undefined,
        Object {
          "height": 48,
          "paddingHorizontal": 16,
        },
        undefined,
        Object {
          "backgroundColor": "#000000",
          "borderRadius": 0,
        },
        undefined,
      ],
    ]
  }
>
  <View
    style={
      Array [
        Object {
          "display": "flex",
          "flexDirection": "row",
          "height": "auto",
          "width": "100%",
        },
        Object {
          "alignItems": "center",
        },
        Object {
          "justifyContent": "center",
        },
        Object {
          "width": "auto",
        },
        undefined,
      ]
    }
  >
    <Text
      style={
        Array [
          Object {
            "color": "#191919",
            "fontFamily": undefined,
            "textAlignVertical": "center",
          },
          Object {
            "fontSize": 16,
            "lineHeight": 24,
          },
          undefined,
          undefined,
          Object {
            "color": "#ffffff",
          },
          Array [
            Object {
              "fontWeight": "700",
              "paddingHorizontal": 8,
            },
            false,
          ],
        ]
      }
    >
      Press me
    </Text>
  </View>
  <View
    style={
      Array [
        Object {
          "backgroundColor": "transparent",
          "borderRadius": 0,
          "bottom": 0,
          "left": 0,
          "overflow": "hidden",
          "position": "absolute",
          "right": 0,
          "top": 0,
        },
        0,
      ]
    }
  >
    <View
      style={
        Object {
          "backgroundColor": "#ffffff",
          "height": 0,
          "opacity": 0,
          "width": 0,
          "zIndex": 0,
        }
      }
    />
  </View>
</View>
`;

exports[`<Button> when {disabled} 1`] = `
<View
  accessible={true}
  focusable={false}
  onClick={[Function]}
  onResponderGrant={[Function]}
  onResponderMove={[Function]}
  onResponderRelease={[Function]}
  onResponderTerminate={[Function]}
  onResponderTerminationRequest={[Function]}
  onStartShouldSetResponder={[Function]}
  pointerEvents="none"
  style={
    Array [
      undefined,
      Array [
        Object {
          "alignContent": "center",
          "alignItems": "center",
          "alignSelf": "flex-start",
          "justifyContent": "center",
          "width": "auto",
        },
        undefined,
        Object {
          "height": 48,
          "paddingHorizontal": 16,
        },
        undefined,
        Object {
          "backgroundColor": "#d2d2d2",
          "borderRadius": 0,
        },
        undefined,
      ],
      Array [
        Object {
          "alignContent": "center",
          "alignItems": "center",
          "alignSelf": "flex-start",
          "justifyContent": "center",
          "width": "auto",
        },
        undefined,
        Object {
          "height": 48,
          "paddingHorizontal": 16,
        },
        undefined,
        Object {
          "backgroundColor": "#d2d2d2",
          "borderRadius": 0,
        },
        undefined,
      ],
    ]
  }
>
  <View
    style={
      Array [
        Object {
          "display": "flex",
          "flexDirection": "row",
          "height": "auto",
          "width": "100%",
        },
        Object {
          "alignItems": "center",
        },
        Object {
          "justifyContent": "center",
        },
        Object {
          "width": "auto",
        },
        undefined,
      ]
    }
  >
    <Text
      style={
        Array [
          Object {
            "color": "#191919",
            "fontFamily": undefined,
            "textAlignVertical": "center",
          },
          Object {
            "fontSize": 16,
            "lineHeight": 24,
          },
          undefined,
          undefined,
          Object {
            "color": "#a3a3a3",
          },
          Array [
            Object {
              "fontWeight": "700",
              "paddingHorizontal": 8,
            },
            false,
          ],
        ]
      }
    >
      Press me
    </Text>
  </View>
  <View
    style={
      Array [
        Object {
          "backgroundColor": "transparent",
          "borderRadius": 0,
          "bottom": 0,
          "left": 0,
          "overflow": "hidden",
          "position": "absolute",
          "right": 0,
          "top": 0,
        },
        0,
      ]
    }
  >
    <View
      style={
        Object {
          "backgroundColor": "#a3a3a3",
          "height": 0,
          "opacity": 0,
          "width": 0,
          "zIndex": 0,
        }
      }
    />
  </View>
</View>
`;

exports[`<Button> when {icon} & {title} 1`] = `
<View
  accessible={true}
  focusable={false}
  onClick={[Function]}
  onResponderGrant={[Function]}
  onResponderMove={[Function]}
  onResponderRelease={[Function]}
  onResponderTerminate={[Function]}
  onResponderTerminationRequest={[Function]}
  onStartShouldSetResponder={[Function]}
  pointerEvents="none"
  style={
    Array [
      undefined,
      Array [
        Object {
          "alignContent": "center",
          "alignItems": "center",
          "alignSelf": "flex-start",
          "justifyContent": "center",
          "width": "auto",
        },
        undefined,
        Object {
          "height": 48,
          "paddingHorizontal": 16,
        },
        undefined,
        Object {
          "backgroundColor": "#62e6ac",
          "borderRadius": 0,
        },
        undefined,
      ],
      Array [
        Object {
          "alignContent": "center",
          "alignItems": "center",
          "alignSelf": "flex-start",
          "justifyContent": "center",
          "width": "auto",
        },
        undefined,
        Object {
          "height": 48,
          "paddingHorizontal": 16,
        },
        undefined,
        Object {
          "backgroundColor": "#62e6ac",
          "borderRadius": 0,
        },
        undefined,
      ],
    ]
  }
>
  <View
    style={
      Array [
        Object {
          "display": "flex",
          "flexDirection": "row",
          "height": "auto",
          "width": "100%",
        },
        Object {
          "alignItems": "center",
        },
        Object {
          "justifyContent": "center",
        },
        Object {
          "width": "auto",
        },
        undefined,
      ]
    }
  >
    <Text />
    <Text
      style={
        Array [
          Object {
            "color": "#191919",
            "fontFamily": undefined,
            "textAlignVertical": "center",
          },
          Object {
            "fontSize": 16,
            "lineHeight": 24,
          },
          undefined,
          undefined,
          Object {
            "color": "#ffffff",
          },
          Array [
            Object {
              "fontWeight": "700",
              "paddingHorizontal": 8,
            },
            false,
          ],
        ]
      }
    >
      Press me
    </Text>
  </View>
  <View
    style={
      Array [
        Object {
          "backgroundColor": "transparent",
          "borderRadius": 0,
          "bottom": 0,
          "left": 0,
          "overflow": "hidden",
          "position": "absolute",
          "right": 0,
          "top": 0,
        },
        0,
      ]
    }
  >
    <View
      style={
        Object {
          "backgroundColor": "#ffffff",
          "height": 0,
          "opacity": 0,
          "width": 0,
          "zIndex": 0,
        }
      }
    />
  </View>
</View>
`;

exports[`<Button> when {icon} 1`] = `
<View
  accessible={true}
  focusable={false}
  onClick={[Function]}
  onResponderGrant={[Function]}
  onResponderMove={[Function]}
  onResponderRelease={[Function]}
  onResponderTerminate={[Function]}
  onResponderTerminationRequest={[Function]}
  onStartShouldSetResponder={[Function]}
  pointerEvents="none"
  style={
    Array [
      undefined,
      Array [
        Object {
          "alignContent": "center",
          "alignItems": "center",
          "alignSelf": "flex-start",
          "justifyContent": "center",
          "width": "auto",
        },
        undefined,
        Object {
          "height": 48,
          "paddingHorizontal": 16,
        },
        undefined,
        Object {
          "backgroundColor": "#62e6ac",
          "borderRadius": 0,
        },
        undefined,
      ],
      Array [
        Object {
          "alignContent": "center",
          "alignItems": "center",
          "alignSelf": "flex-start",
          "justifyContent": "center",
          "width": "auto",
        },
        undefined,
        Object {
          "height": 48,
          "paddingHorizontal": 16,
        },
        undefined,
        Object {
          "backgroundColor": "#62e6ac",
          "borderRadius": 0,
        },
        undefined,
      ],
    ]
  }
>
  <View
    style={
      Array [
        Object {
          "display": "flex",
          "flexDirection": "row",
          "height": "auto",
          "width": "100%",
        },
        Object {
          "alignItems": "center",
        },
        Object {
          "justifyContent": "center",
        },
        Object {
          "width": "auto",
        },
        undefined,
      ]
    }
  >
    <Text />
  </View>
  <View
    style={
      Array [
        Object {
          "backgroundColor": "transparent",
          "borderRadius": 0,
          "bottom": 0,
          "left": 0,
          "overflow": "hidden",
          "position": "absolute",
          "right": 0,
          "top": 0,
        },
        0,
      ]
    }
  >
    <View
      style={
        Object {
          "backgroundColor": "#ffffff",
          "height": 0,
          "opacity": 0,
          "width": 0,
          "zIndex": 0,
        }
      }
    />
  </View>
</View>
`;

exports[`<Button> when {outlined} 1`] = `
<View
  accessible={true}
  focusable={false}
  onClick={[Function]}
  onResponderGrant={[Function]}
  onResponderMove={[Function]}
  onResponderRelease={[Function]}
  onResponderTerminate={[Function]}
  onResponderTerminationRequest={[Function]}
  onStartShouldSetResponder={[Function]}
  pointerEvents="none"
  style={
    Array [
      undefined,
      Array [
        Object {
          "alignContent": "center",
          "alignItems": "center",
          "alignSelf": "flex-start",
          "justifyContent": "center",
          "width": "auto",
        },
        undefined,
        Object {
          "height": 48,
          "paddingHorizontal": 16,
        },
        Object {
          "borderWidth": 1,
        },
        Object {
          "borderColor": "#62e6ac",
          "borderRadius": 0,
        },
        undefined,
      ],
      Array [
        Object {
          "alignContent": "center",
          "alignItems": "center",
          "alignSelf": "flex-start",
          "justifyContent": "center",
          "width": "auto",
        },
        undefined,
        Object {
          "height": 48,
          "paddingHorizontal": 16,
        },
        Object {
          "borderWidth": 1,
        },
        Object {
          "borderColor": "#62e6ac",
          "borderRadius": 0,
        },
        undefined,
      ],
    ]
  }
>
  <View
    style={
      Array [
        Object {
          "display": "flex",
          "flexDirection": "row",
          "height": "auto",
          "width": "100%",
        },
        Object {
          "alignItems": "center",
        },
        Object {
          "justifyContent": "center",
        },
        Object {
          "width": "auto",
        },
        undefined,
      ]
    }
  >
    <Text
      style={
        Array [
          Object {
            "color": "#191919",
            "fontFamily": undefined,
            "textAlignVertical": "center",
          },
          Object {
            "fontSize": 16,
            "lineHeight": 24,
          },
          undefined,
          undefined,
          Object {
            "color": "#62e6ac",
          },
          Array [
            Object {
              "fontWeight": "700",
              "paddingHorizontal": 8,
            },
            false,
          ],
        ]
      }
    >
      Press me
    </Text>
  </View>
  <View
    style={
      Array [
        Object {
          "backgroundColor": "transparent",
          "borderRadius": 0,
          "bottom": 0,
          "left": 0,
          "overflow": "hidden",
          "position": "absolute",
          "right": 0,
          "top": 0,
        },
        0,
      ]
    }
  >
    <View
      style={
        Object {
          "backgroundColor": "#62e6ac",
          "height": 0,
          "opacity": 0,
          "width": 0,
          "zIndex": 0,
        }
      }
    />
  </View>
</View>
`;

exports[`<Button> when {size} 1`] = `
<View
  accessible={true}
  focusable={false}
  onClick={[Function]}
  onResponderGrant={[Function]}
  onResponderMove={[Function]}
  onResponderRelease={[Function]}
  onResponderTerminate={[Function]}
  onResponderTerminationRequest={[Function]}
  onStartShouldSetResponder={[Function]}
  pointerEvents="none"
  style={
    Array [
      undefined,
      Array [
        Object {
          "alignContent": "center",
          "alignItems": "center",
          "alignSelf": "flex-start",
          "justifyContent": "center",
          "width": "auto",
        },
        undefined,
        Object {
          "height": 32,
          "paddingHorizontal": 8,
        },
        undefined,
        Object {
          "backgroundColor": "#62e6ac",
          "borderRadius": 0,
        },
        undefined,
      ],
      Array [
        Object {
          "alignContent": "center",
          "alignItems": "center",
          "alignSelf": "flex-start",
          "justifyContent": "center",
          "width": "auto",
        },
        undefined,
        Object {
          "height": 32,
          "paddingHorizontal": 8,
        },
        undefined,
        Object {
          "backgroundColor": "#62e6ac",
          "borderRadius": 0,
        },
        undefined,
      ],
    ]
  }
>
  <View
    style={
      Array [
        Object {
          "display": "flex",
          "flexDirection": "row",
          "height": "auto",
          "width": "100%",
        },
        Object {
          "alignItems": "center",
        },
        Object {
          "justifyContent": "center",
        },
        Object {
          "width": "auto",
        },
        undefined,
      ]
    }
  >
    <Text
      style={
        Array [
          Object {
            "color": "#191919",
            "fontFamily": undefined,
            "textAlignVertical": "center",
          },
          Object {
            "fontSize": 16,
            "lineHeight": 24,
          },
          undefined,
          undefined,
          Object {
            "color": "#ffffff",
          },
          Array [
            Object {
              "fontWeight": "700",
              "paddingHorizontal": 8,
            },
            Object {
              "fontSize": 12,
            },
          ],
        ]
      }
    >
      Press me
    </Text>
  </View>
  <View
    style={
      Array [
        Object {
          "backgroundColor": "transparent",
          "borderRadius": 0,
          "bottom": 0,
          "left": 0,
          "overflow": "hidden",
          "position": "absolute",
          "right": 0,
          "top": 0,
        },
        0,
      ]
    }
  >
    <View
      style={
        Object {
          "backgroundColor": "#ffffff",
          "height": 0,
          "opacity": 0,
          "width": 0,
          "zIndex": 0,
        }
      }
    />
  </View>
</View>
`;

exports[`<Button> when {style} 1`] = `
<View
  accessible={true}
  focusable={false}
  onClick={[Function]}
  onResponderGrant={[Function]}
  onResponderMove={[Function]}
  onResponderRelease={[Function]}
  onResponderTerminate={[Function]}
  onResponderTerminationRequest={[Function]}
  onStartShouldSetResponder={[Function]}
  pointerEvents="none"
  style={
    Array [
      undefined,
      Array [
        Object {
          "alignContent": "center",
          "alignItems": "center",
          "alignSelf": "flex-start",
          "justifyContent": "center",
          "width": "auto",
        },
        undefined,
        Object {
          "height": 48,
          "paddingHorizontal": 16,
        },
        undefined,
        Object {
          "backgroundColor": "#62e6ac",
          "borderRadius": 0,
        },
        Object {
          "backgroundColor": "rgba(0,255,0,0.25)",
        },
      ],
      Array [
        Object {
          "alignContent": "center",
          "alignItems": "center",
          "alignSelf": "flex-start",
          "justifyContent": "center",
          "width": "auto",
        },
        undefined,
        Object {
          "height": 48,
          "paddingHorizontal": 16,
        },
        undefined,
        Object {
          "backgroundColor": "#62e6ac",
          "borderRadius": 0,
        },
        Object {
          "backgroundColor": "rgba(0,255,0,0.25)",
        },
      ],
    ]
  }
>
  <View
    style={
      Array [
        Object {
          "display": "flex",
          "flexDirection": "row",
          "height": "auto",
          "width": "100%",
        },
        Object {
          "alignItems": "center",
        },
        Object {
          "justifyContent": "center",
        },
        Object {
          "width": "auto",
        },
        undefined,
      ]
    }
  >
    <Text
      style={
        Array [
          Object {
            "color": "#191919",
            "fontFamily": undefined,
            "textAlignVertical": "center",
          },
          Object {
            "fontSize": 16,
            "lineHeight": 24,
          },
          undefined,
          undefined,
          Object {
            "color": "#ffffff",
          },
          Array [
            Object {
              "fontWeight": "700",
              "paddingHorizontal": 8,
            },
            false,
          ],
        ]
      }
    >
      Press me
    </Text>
  </View>
  <View
    style={
      Array [
        Object {
          "backgroundColor": "transparent",
          "borderRadius": 0,
          "bottom": 0,
          "left": 0,
          "overflow": "hidden",
          "position": "absolute",
          "right": 0,
          "top": 0,
        },
        0,
      ]
    }
  >
    <View
      style={
        Object {
          "backgroundColor": "#ffffff",
          "height": 0,
          "opacity": 0,
          "width": 0,
          "zIndex": 0,
        }
      }
    />
  </View>
</View>
`;

exports[`<Button> when {title} 1`] = `
<View
  accessible={true}
  focusable={false}
  onClick={[Function]}
  onResponderGrant={[Function]}
  onResponderMove={[Function]}
  onResponderRelease={[Function]}
  onResponderTerminate={[Function]}
  onResponderTerminationRequest={[Function]}
  onStartShouldSetResponder={[Function]}
  pointerEvents="none"
  style={
    Array [
      undefined,
      Array [
        Object {
          "alignContent": "center",
          "alignItems": "center",
          "alignSelf": "flex-start",
          "justifyContent": "center",
          "width": "auto",
        },
        undefined,
        Object {
          "height": 48,
          "paddingHorizontal": 16,
        },
        undefined,
        Object {
          "backgroundColor": "#62e6ac",
          "borderRadius": 0,
        },
        undefined,
      ],
      Array [
        Object {
          "alignContent": "center",
          "alignItems": "center",
          "alignSelf": "flex-start",
          "justifyContent": "center",
          "width": "auto",
        },
        undefined,
        Object {
          "height": 48,
          "paddingHorizontal": 16,
        },
        undefined,
        Object {
          "backgroundColor": "#62e6ac",
          "borderRadius": 0,
        },
        undefined,
      ],
    ]
  }
>
  <View
    style={
      Array [
        Object {
          "display": "flex",
          "flexDirection": "row",
          "height": "auto",
          "width": "100%",
        },
        Object {
          "alignItems": "center",
        },
        Object {
          "justifyContent": "center",
        },
        Object {
          "width": "auto",
        },
        undefined,
      ]
    }
  >
    <Text
      style={
        Array [
          Object {
            "color": "#191919",
            "fontFamily": undefined,
            "textAlignVertical": "center",
          },
          Object {
            "fontSize": 16,
            "lineHeight": 24,
          },
          undefined,
          undefined,
          Object {
            "color": "#ffffff",
          },
          Array [
            Object {
              "fontWeight": "700",
              "paddingHorizontal": 8,
            },
            false,
          ],
        ]
      }
    >
      Press me
    </Text>
  </View>
  <View
    style={
      Array [
        Object {
          "backgroundColor": "transparent",
          "borderRadius": 0,
          "bottom": 0,
          "left": 0,
          "overflow": "hidden",
          "position": "absolute",
          "right": 0,
          "top": 0,
        },
        0,
      ]
    }
  >
    <View
      style={
        Object {
          "backgroundColor": "#ffffff",
          "height": 0,
          "opacity": 0,
          "width": 0,
          "zIndex": 0,
        }
      }
    />
  </View>
</View>
`;

exports[`<Button> when {wide} 1`] = `
<View
  accessible={true}
  focusable={false}
  onClick={[Function]}
  onResponderGrant={[Function]}
  onResponderMove={[Function]}
  onResponderRelease={[Function]}
  onResponderTerminate={[Function]}
  onResponderTerminationRequest={[Function]}
  onStartShouldSetResponder={[Function]}
  pointerEvents="none"
  style={
    Array [
      undefined,
      Array [
        Object {
          "alignContent": "center",
          "alignItems": "center",
          "alignSelf": "flex-start",
          "justifyContent": "center",
          "width": "auto",
        },
        Object {
          "flex": 1,
        },
        Object {
          "height": 48,
          "paddingHorizontal": 16,
        },
        undefined,
        Object {
          "backgroundColor": "#62e6ac",
          "borderRadius": 0,
        },
        undefined,
      ],
      Array [
        Object {
          "alignContent": "center",
          "alignItems": "center",
          "alignSelf": "flex-start",
          "justifyContent": "center",
          "width": "auto",
        },
        Object {
          "flex": 1,
        },
        Object {
          "height": 48,
          "paddingHorizontal": 16,
        },
        undefined,
        Object {
          "backgroundColor": "#62e6ac",
          "borderRadius": 0,
        },
        undefined,
      ],
    ]
  }
>
  <View
    style={
      Array [
        Object {
          "display": "flex",
          "flexDirection": "row",
          "height": "auto",
          "width": "100%",
        },
        Object {
          "alignItems": "center",
        },
        Object {
          "justifyContent": "center",
        },
        Object {
          "width": "auto",
        },
        undefined,
      ]
    }
  >
    <Text
      style={
        Array [
          Object {
            "color": "#191919",
            "fontFamily": undefined,
            "textAlignVertical": "center",
          },
          Object {
            "fontSize": 16,
            "lineHeight": 24,
          },
          undefined,
          undefined,
          Object {
            "color": "#ffffff",
          },
          Array [
            Object {
              "fontWeight": "700",
              "paddingHorizontal": 8,
            },
            false,
          ],
        ]
      }
    >
      Press me
    </Text>
  </View>
  <View
    style={
      Array [
        Object {
          "backgroundColor": "transparent",
          "borderRadius": 0,
          "bottom": 0,
          "left": 0,
          "overflow": "hidden",
          "position": "absolute",
          "right": 0,
          "top": 0,
        },
        0,
      ]
    }
  >
    <View
      style={
        Object {
          "backgroundColor": "#ffffff",
          "height": 0,
          "opacity": 0,
          "width": 0,
          "zIndex": 0,
        }
      }
    />
  </View>
</View>
`;
