// Jest Snapshot v1, https://goo.gl/fbAQLP

exports[`<InputSelect> renders 1`] = `
<View
  style={
    Array [
      Object {
        "marginBottom": undefined,
        "maxWidth": "100%",
      },
      false,
      undefined,
    ]
  }
>
  <View
    style={
      Array [
        Object {
          "backgroundColor": "#ffffff",
          "borderColor": undefined,
          "borderRadius": 2.4,
          "borderWidth": 1,
          "width": "100%",
        },
        undefined,
        false,
      ]
    }
  >
    <View
      style={
        Array [
          Object {
            "borderWidth": 0,
            "height": "auto",
            "marginLeft": undefined,
            "marginRight": 4,
          },
          false,
        ]
      }
    >
      <RCTPicker
        items={Array []}
        onChange={[Function]}
        onResponderTerminationRequest={[Function]}
        onStartShouldSetResponder={[Function]}
        selectedIndex={0}
        style={
          Array [
            Object {
              "height": 216,
            },
            undefined,
          ]
        }
      />
    </View>
  </View>
</View>
`;

exports[`<InputSelect> when {ItemTemplate} 1`] = `
<View
  style={
    Array [
      Object {
        "marginBottom": undefined,
        "maxWidth": "100%",
      },
      false,
      undefined,
    ]
  }
>
  <Text
    numberOfLines={2}
    style={
      Array [
        Object {
          "color": "#191919",
          "fontFamily": undefined,
          "textAlignVertical": "center",
        },
        Object {
          "fontSize": 11.2,
        },
        Object {
          "color": undefined,
        },
        Object {
          "color": "#191919",
          "fontWeight": "700",
          "marginBottom": 4,
        },
      ]
    }
  >
    Username
  </Text>
  <View
    style={
      Array [
        Object {
          "backgroundColor": "#ffffff",
          "borderColor": undefined,
          "borderRadius": 2.4,
          "borderWidth": 1,
          "width": "100%",
        },
        undefined,
        false,
      ]
    }
  >
    <View
      style={
        Array [
          Object {
            "borderWidth": 0,
            "height": "auto",
            "marginLeft": undefined,
            "marginRight": 4,
          },
          false,
        ]
      }
    >
      <RCTPicker
        items={Array []}
        onChange={[Function]}
        onResponderTerminationRequest={[Function]}
        onStartShouldSetResponder={[Function]}
        selectedIndex={0}
        style={
          Array [
            Object {
              "height": 216,
            },
            undefined,
          ]
        }
      />
    </View>
  </View>
</View>
`;

exports[`<InputSelect> when {dataSource (string)} 1`] = `
<View
  style={
    Array [
      Object {
        "marginBottom": undefined,
        "maxWidth": "100%",
      },
      false,
      undefined,
    ]
  }
>
  <View
    style={
      Array [
        Object {
          "backgroundColor": "#ffffff",
          "borderColor": undefined,
          "borderRadius": 2.4,
          "borderWidth": 1,
          "width": "100%",
        },
        undefined,
        false,
      ]
    }
  >
    <View
      style={
        Array [
          Object {
            "borderWidth": 0,
            "height": "auto",
            "marginLeft": undefined,
            "marginRight": 4,
          },
          false,
        ]
      }
    >
      <RCTPicker
        items={
          Array [
            Object {
              "label": "one",
              "textColor": undefined,
              "value": "one",
            },
            Object {
              "label": "two",
              "textColor": undefined,
              "value": "two",
            },
            Object {
              "label": "three",
              "textColor": undefined,
              "value": "three",
            },
            Object {
              "label": "four",
              "textColor": undefined,
              "value": "four",
            },
            Object {
              "label": "five",
              "textColor": undefined,
              "value": "five",
            },
            Object {
              "label": "six",
              "textColor": undefined,
              "value": "six",
            },
            Object {
              "label": "seven",
              "textColor": undefined,
              "value": "seven",
            },
            Object {
              "label": "eight",
              "textColor": undefined,
              "value": "eight",
            },
            Object {
              "label": "nine",
              "textColor": undefined,
              "value": "nine",
            },
            Object {
              "label": "ten",
              "textColor": undefined,
              "value": "ten",
            },
          ]
        }
        onChange={[Function]}
        onResponderTerminationRequest={[Function]}
        onStartShouldSetResponder={[Function]}
        selectedIndex={0}
        style={
          Array [
            Object {
              "height": 216,
            },
            undefined,
          ]
        }
      />
    </View>
  </View>
</View>
`;

exports[`<InputSelect> when {dataSource} 1`] = `
<View
  style={
    Array [
      Object {
        "marginBottom": undefined,
        "maxWidth": "100%",
      },
      false,
      undefined,
    ]
  }
>
  <View
    style={
      Object {
        "position": "absolute",
        "right": undefined,
        "top": NaN,
        "zIndex": 1,
      }
    }
  >
    <Text />
  </View>
  <View
    style={
      Array [
        Object {
          "backgroundColor": "#ffffff",
          "borderColor": undefined,
          "borderRadius": 2.4,
          "borderWidth": 1,
          "width": "100%",
        },
        undefined,
        false,
      ]
    }
  >
    <View
      accessible={true}
      focusable={true}
      onClick={[Function]}
      onLayout={[Function]}
      onResponderGrant={[Function]}
      onResponderMove={[Function]}
      onResponderRelease={[Function]}
      onResponderTerminate={[Function]}
      onResponderTerminationRequest={[Function]}
      onStartShouldSetResponder={[Function]}
      pointerEvents="box-only"
      style={
        Array [
          undefined,
          undefined,
        ]
      }
    >
      <View
        style={
          Object {
            "alignItems": "center",
            "display": "flex",
            "flexDirection": "row",
            "height": 44.8,
            "paddingLeft": 4,
            "paddingRight": 35.2,
          }
        }
      >
        <Text />
        <View
          style={
            Object {
              "marginLeft": 4,
            }
          }
        >
          <Text
            style={
              Array [
                Object {
                  "color": "#191919",
                  "fontFamily": undefined,
                  "textAlignVertical": "center",
                },
                Object {
                  "fontSize": 12.8,
                  "lineHeight": 15.36,
                },
                false,
                Object {
                  "lineHeight": 16,
                },
              ]
            }
          >
            one
          </Text>
          <Text
            style={
              Array [
                Object {
                  "color": "#191919",
                  "fontFamily": undefined,
                  "textAlignVertical": "center",
                },
                Object {
                  "fontSize": 11.2,
                },
                Object {
                  "color": undefined,
                },
                Object {},
              ]
            }
          >
            Example of caption
          </Text>
        </View>
      </View>
      <View
        style={
          Array [
            Object {
              "backgroundColor": "transparent",
              "borderRadius": 2.4,
              "bottom": 0,
              "left": 0,
              "overflow": "hidden",
              "position": "absolute",
              "right": 0,
              "top": 0,
            },
            undefined,
          ]
        }
      >
        <View
          style={
            Object {
              "backgroundColor": "#ffffff",
              "height": 0,
              "opacity": 0,
              "width": 0,
              "zIndex": 0,
            }
          }
        />
      </View>
    </View>
  </View>
  <RCTScrollView
    style={
      Array [
        Object {
          "backgroundColor": "#ffffff",
          "borderColor": undefined,
          "borderRadius": 2.4,
          "borderWidth": 1,
          "width": "100%",
        },
        Object {
          "backgroundColor": "#ffffff",
          "position": "absolute",
          "shadowColor": "#191919",
          "shadowOffset": Object {
            "height": 2,
            "width": 0,
          },
          "shadowOpacity": 0.2,
          "shadowRadius": 8,
        },
        Object {
          "display": "none",
        },
        false,
        undefined,
        Object {
          "maxHeight": 627.1999999999999,
        },
      ]
    }
  >
    <View>
      <View
        accessible={true}
        focusable={true}
        onClick={[Function]}
        onLayout={[Function]}
        onResponderGrant={[Function]}
        onResponderMove={[Function]}
        onResponderRelease={[Function]}
        onResponderTerminate={[Function]}
        onResponderTerminationRequest={[Function]}
        onStartShouldSetResponder={[Function]}
        pointerEvents="box-only"
        style={
          Array [
            undefined,
            undefined,
          ]
        }
      >
        <View
          style={
            Object {
              "alignItems": "center",
              "display": "flex",
              "flexDirection": "row",
              "height": 44.8,
              "paddingLeft": 4,
              "paddingRight": 35.2,
            }
          }
        >
          <Text />
          <View
            style={
              Object {
                "marginLeft": 4,
              }
            }
          >
            <Text
              style={
                Array [
                  Object {
                    "color": "#191919",
                    "fontFamily": undefined,
                    "textAlignVertical": "center",
                  },
                  Object {
                    "fontSize": 12.8,
                    "lineHeight": 15.36,
                  },
                  false,
                  Object {
                    "lineHeight": 16,
                  },
                ]
              }
            >
              one
            </Text>
            <Text
              style={
                Array [
                  Object {
                    "color": "#191919",
                    "fontFamily": undefined,
                    "textAlignVertical": "center",
                  },
                  Object {
                    "fontSize": 11.2,
                  },
                  Object {
                    "color": undefined,
                  },
                  Object {},
                ]
              }
            >
              Example of caption
            </Text>
          </View>
        </View>
        <View
          style={
            Array [
              Object {
                "backgroundColor": "transparent",
                "borderRadius": 2.4,
                "bottom": 0,
                "left": 0,
                "overflow": "hidden",
                "position": "absolute",
                "right": 0,
                "top": 0,
              },
              undefined,
            ]
          }
        >
          <View
            style={
              Object {
                "backgroundColor": "#ffffff",
                "height": 0,
                "opacity": 0,
                "width": 0,
                "zIndex": 0,
              }
            }
          />
        </View>
      </View>
      <View
        accessible={true}
        focusable={true}
        onClick={[Function]}
        onLayout={[Function]}
        onResponderGrant={[Function]}
        onResponderMove={[Function]}
        onResponderRelease={[Function]}
        onResponderTerminate={[Function]}
        onResponderTerminationRequest={[Function]}
        onStartShouldSetResponder={[Function]}
        pointerEvents="box-only"
        style={
          Array [
            undefined,
            undefined,
          ]
        }
      >
        <View
          style={
            Object {
              "alignItems": "center",
              "display": "flex",
              "flexDirection": "row",
              "height": 44.8,
              "paddingLeft": 4,
              "paddingRight": 35.2,
            }
          }
        >
          <Text />
          <View
            style={
              Object {
                "marginLeft": 4,
              }
            }
          >
            <Text
              style={
                Array [
                  Object {
                    "color": "#191919",
                    "fontFamily": undefined,
                    "textAlignVertical": "center",
                  },
                  Object {
                    "fontSize": 12.8,
                    "lineHeight": 15.36,
                  },
                  false,
                  Object {
                    "lineHeight": 16,
                  },
                ]
              }
            >
              two
            </Text>
            <Text
              style={
                Array [
                  Object {
                    "color": "#191919",
                    "fontFamily": undefined,
                    "textAlignVertical": "center",
                  },
                  Object {
                    "fontSize": 11.2,
                  },
                  Object {
                    "color": undefined,
                  },
                  Object {},
                ]
              }
            >
              Example of caption
            </Text>
          </View>
        </View>
        <View
          style={
            Array [
              Object {
                "backgroundColor": "transparent",
                "borderRadius": 2.4,
                "bottom": 0,
                "left": 0,
                "overflow": "hidden",
                "position": "absolute",
                "right": 0,
                "top": 0,
              },
              undefined,
            ]
          }
        >
          <View
            style={
              Object {
                "backgroundColor": "#ffffff",
                "height": 0,
                "opacity": 0,
                "width": 0,
                "zIndex": 0,
              }
            }
          />
        </View>
      </View>
      <View
        accessible={true}
        focusable={true}
        onClick={[Function]}
        onLayout={[Function]}
        onResponderGrant={[Function]}
        onResponderMove={[Function]}
        onResponderRelease={[Function]}
        onResponderTerminate={[Function]}
        onResponderTerminationRequest={[Function]}
        onStartShouldSetResponder={[Function]}
        pointerEvents="box-only"
        style={
          Array [
            undefined,
            undefined,
          ]
        }
      >
        <View
          style={
            Object {
              "alignItems": "center",
              "display": "flex",
              "flexDirection": "row",
              "height": 44.8,
              "paddingLeft": 4,
              "paddingRight": 35.2,
            }
          }
        >
          <Text />
          <View
            style={
              Object {
                "marginLeft": 4,
              }
            }
          >
            <Text
              style={
                Array [
                  Object {
                    "color": "#191919",
                    "fontFamily": undefined,
                    "textAlignVertical": "center",
                  },
                  Object {
                    "fontSize": 12.8,
                    "lineHeight": 15.36,
                  },
                  false,
                  Object {
                    "lineHeight": 16,
                  },
                ]
              }
            >
              three
            </Text>
            <Text
              style={
                Array [
                  Object {
                    "color": "#191919",
                    "fontFamily": undefined,
                    "textAlignVertical": "center",
                  },
                  Object {
                    "fontSize": 11.2,
                  },
                  Object {
                    "color": undefined,
                  },
                  Object {},
                ]
              }
            >
              Example of caption
            </Text>
          </View>
        </View>
        <View
          style={
            Array [
              Object {
                "backgroundColor": "transparent",
                "borderRadius": 2.4,
                "bottom": 0,
                "left": 0,
                "overflow": "hidden",
                "position": "absolute",
                "right": 0,
                "top": 0,
              },
              undefined,
            ]
          }
        >
          <View
            style={
              Object {
                "backgroundColor": "#ffffff",
                "height": 0,
                "opacity": 0,
                "width": 0,
                "zIndex": 0,
              }
            }
          />
        </View>
      </View>
      <View
        accessible={true}
        focusable={true}
        onClick={[Function]}
        onLayout={[Function]}
        onResponderGrant={[Function]}
        onResponderMove={[Function]}
        onResponderRelease={[Function]}
        onResponderTerminate={[Function]}
        onResponderTerminationRequest={[Function]}
        onStartShouldSetResponder={[Function]}
        pointerEvents="box-only"
        style={
          Array [
            undefined,
            undefined,
          ]
        }
      >
        <View
          style={
            Object {
              "alignItems": "center",
              "display": "flex",
              "flexDirection": "row",
              "height": 44.8,
              "paddingLeft": 4,
              "paddingRight": 35.2,
            }
          }
        >
          <Text />
          <View
            style={
              Object {
                "marginLeft": 4,
              }
            }
          >
            <Text
              style={
                Array [
                  Object {
                    "color": "#191919",
                    "fontFamily": undefined,
                    "textAlignVertical": "center",
                  },
                  Object {
                    "fontSize": 12.8,
                    "lineHeight": 15.36,
                  },
                  false,
                  Object {
                    "lineHeight": 16,
                  },
                ]
              }
            >
              four
            </Text>
            <Text
              style={
                Array [
                  Object {
                    "color": "#191919",
                    "fontFamily": undefined,
                    "textAlignVertical": "center",
                  },
                  Object {
                    "fontSize": 11.2,
                  },
                  Object {
                    "color": undefined,
                  },
                  Object {},
                ]
              }
            >
              Example of caption
            </Text>
          </View>
        </View>
        <View
          style={
            Array [
              Object {
                "backgroundColor": "transparent",
                "borderRadius": 2.4,
                "bottom": 0,
                "left": 0,
                "overflow": "hidden",
                "position": "absolute",
                "right": 0,
                "top": 0,
              },
              undefined,
            ]
          }
        >
          <View
            style={
              Object {
                "backgroundColor": "#ffffff",
                "height": 0,
                "opacity": 0,
                "width": 0,
                "zIndex": 0,
              }
            }
          />
        </View>
      </View>
      <View
        accessible={true}
        focusable={true}
        onClick={[Function]}
        onLayout={[Function]}
        onResponderGrant={[Function]}
        onResponderMove={[Function]}
        onResponderRelease={[Function]}
        onResponderTerminate={[Function]}
        onResponderTerminationRequest={[Function]}
        onStartShouldSetResponder={[Function]}
        pointerEvents="box-only"
        style={
          Array [
            undefined,
            undefined,
          ]
        }
      >
        <View
          style={
            Object {
              "alignItems": "center",
              "display": "flex",
              "flexDirection": "row",
              "height": 44.8,
              "paddingLeft": 4,
              "paddingRight": 35.2,
            }
          }
        >
          <Text />
          <View
            style={
              Object {
                "marginLeft": 4,
              }
            }
          >
            <Text
              style={
                Array [
                  Object {
                    "color": "#191919",
                    "fontFamily": undefined,
                    "textAlignVertical": "center",
                  },
                  Object {
                    "fontSize": 12.8,
                    "lineHeight": 15.36,
                  },
                  false,
                  Object {
                    "lineHeight": 16,
                  },
                ]
              }
            >
              five
            </Text>
            <Text
              style={
                Array [
                  Object {
                    "color": "#191919",
                    "fontFamily": undefined,
                    "textAlignVertical": "center",
                  },
                  Object {
                    "fontSize": 11.2,
                  },
                  Object {
                    "color": undefined,
                  },
                  Object {},
                ]
              }
            >
              Example of caption
            </Text>
          </View>
        </View>
        <View
          style={
            Array [
              Object {
                "backgroundColor": "transparent",
                "borderRadius": 2.4,
                "bottom": 0,
                "left": 0,
                "overflow": "hidden",
                "position": "absolute",
                "right": 0,
                "top": 0,
              },
              undefined,
            ]
          }
        >
          <View
            style={
              Object {
                "backgroundColor": "#ffffff",
                "height": 0,
                "opacity": 0,
                "width": 0,
                "zIndex": 0,
              }
            }
          />
        </View>
      </View>
      <View
        accessible={true}
        focusable={true}
        onClick={[Function]}
        onLayout={[Function]}
        onResponderGrant={[Function]}
        onResponderMove={[Function]}
        onResponderRelease={[Function]}
        onResponderTerminate={[Function]}
        onResponderTerminationRequest={[Function]}
        onStartShouldSetResponder={[Function]}
        pointerEvents="box-only"
        style={
          Array [
            undefined,
            undefined,
          ]
        }
      >
        <View
          style={
            Object {
              "alignItems": "center",
              "display": "flex",
              "flexDirection": "row",
              "height": 44.8,
              "paddingLeft": 4,
              "paddingRight": 35.2,
            }
          }
        >
          <Text />
          <View
            style={
              Object {
                "marginLeft": 4,
              }
            }
          >
            <Text
              style={
                Array [
                  Object {
                    "color": "#191919",
                    "fontFamily": undefined,
                    "textAlignVertical": "center",
                  },
                  Object {
                    "fontSize": 12.8,
                    "lineHeight": 15.36,
                  },
                  false,
                  Object {
                    "lineHeight": 16,
                  },
                ]
              }
            >
              six
            </Text>
            <Text
              style={
                Array [
                  Object {
                    "color": "#191919",
                    "fontFamily": undefined,
                    "textAlignVertical": "center",
                  },
                  Object {
                    "fontSize": 11.2,
                  },
                  Object {
                    "color": undefined,
                  },
                  Object {},
                ]
              }
            >
              Example of caption
            </Text>
          </View>
        </View>
        <View
          style={
            Array [
              Object {
                "backgroundColor": "transparent",
                "borderRadius": 2.4,
                "bottom": 0,
                "left": 0,
                "overflow": "hidden",
                "position": "absolute",
                "right": 0,
                "top": 0,
              },
              undefined,
            ]
          }
        >
          <View
            style={
              Object {
                "backgroundColor": "#ffffff",
                "height": 0,
                "opacity": 0,
                "width": 0,
                "zIndex": 0,
              }
            }
          />
        </View>
      </View>
      <View
        accessible={true}
        focusable={true}
        onClick={[Function]}
        onLayout={[Function]}
        onResponderGrant={[Function]}
        onResponderMove={[Function]}
        onResponderRelease={[Function]}
        onResponderTerminate={[Function]}
        onResponderTerminationRequest={[Function]}
        onStartShouldSetResponder={[Function]}
        pointerEvents="box-only"
        style={
          Array [
            undefined,
            undefined,
          ]
        }
      >
        <View
          style={
            Object {
              "alignItems": "center",
              "display": "flex",
              "flexDirection": "row",
              "height": 44.8,
              "paddingLeft": 4,
              "paddingRight": 35.2,
            }
          }
        >
          <Text />
          <View
            style={
              Object {
                "marginLeft": 4,
              }
            }
          >
            <Text
              style={
                Array [
                  Object {
                    "color": "#191919",
                    "fontFamily": undefined,
                    "textAlignVertical": "center",
                  },
                  Object {
                    "fontSize": 12.8,
                    "lineHeight": 15.36,
                  },
                  false,
                  Object {
                    "lineHeight": 16,
                  },
                ]
              }
            >
              seven
            </Text>
            <Text
              style={
                Array [
                  Object {
                    "color": "#191919",
                    "fontFamily": undefined,
                    "textAlignVertical": "center",
                  },
                  Object {
                    "fontSize": 11.2,
                  },
                  Object {
                    "color": undefined,
                  },
                  Object {},
                ]
              }
            >
              Example of caption
            </Text>
          </View>
        </View>
        <View
          style={
            Array [
              Object {
                "backgroundColor": "transparent",
                "borderRadius": 2.4,
                "bottom": 0,
                "left": 0,
                "overflow": "hidden",
                "position": "absolute",
                "right": 0,
                "top": 0,
              },
              undefined,
            ]
          }
        >
          <View
            style={
              Object {
                "backgroundColor": "#ffffff",
                "height": 0,
                "opacity": 0,
                "width": 0,
                "zIndex": 0,
              }
            }
          />
        </View>
      </View>
      <View
        accessible={true}
        focusable={true}
        onClick={[Function]}
        onLayout={[Function]}
        onResponderGrant={[Function]}
        onResponderMove={[Function]}
        onResponderRelease={[Function]}
        onResponderTerminate={[Function]}
        onResponderTerminationRequest={[Function]}
        onStartShouldSetResponder={[Function]}
        pointerEvents="box-only"
        style={
          Array [
            undefined,
            undefined,
          ]
        }
      >
        <View
          style={
            Object {
              "alignItems": "center",
              "display": "flex",
              "flexDirection": "row",
              "height": 44.8,
              "paddingLeft": 4,
              "paddingRight": 35.2,
            }
          }
        >
          <Text />
          <View
            style={
              Object {
                "marginLeft": 4,
              }
            }
          >
            <Text
              style={
                Array [
                  Object {
                    "color": "#191919",
                    "fontFamily": undefined,
                    "textAlignVertical": "center",
                  },
                  Object {
                    "fontSize": 12.8,
                    "lineHeight": 15.36,
                  },
                  false,
                  Object {
                    "lineHeight": 16,
                  },
                ]
              }
            >
              eight
            </Text>
            <Text
              style={
                Array [
                  Object {
                    "color": "#191919",
                    "fontFamily": undefined,
                    "textAlignVertical": "center",
                  },
                  Object {
                    "fontSize": 11.2,
                  },
                  Object {
                    "color": undefined,
                  },
                  Object {},
                ]
              }
            >
              Example of caption
            </Text>
          </View>
        </View>
        <View
          style={
            Array [
              Object {
                "backgroundColor": "transparent",
                "borderRadius": 2.4,
                "bottom": 0,
                "left": 0,
                "overflow": "hidden",
                "position": "absolute",
                "right": 0,
                "top": 0,
              },
              undefined,
            ]
          }
        >
          <View
            style={
              Object {
                "backgroundColor": "#ffffff",
                "height": 0,
                "opacity": 0,
                "width": 0,
                "zIndex": 0,
              }
            }
          />
        </View>
      </View>
      <View
        accessible={true}
        focusable={true}
        onClick={[Function]}
        onLayout={[Function]}
        onResponderGrant={[Function]}
        onResponderMove={[Function]}
        onResponderRelease={[Function]}
        onResponderTerminate={[Function]}
        onResponderTerminationRequest={[Function]}
        onStartShouldSetResponder={[Function]}
        pointerEvents="box-only"
        style={
          Array [
            undefined,
            undefined,
          ]
        }
      >
        <View
          style={
            Object {
              "alignItems": "center",
              "display": "flex",
              "flexDirection": "row",
              "height": 44.8,
              "paddingLeft": 4,
              "paddingRight": 35.2,
            }
          }
        >
          <Text />
          <View
            style={
              Object {
                "marginLeft": 4,
              }
            }
          >
            <Text
              style={
                Array [
                  Object {
                    "color": "#191919",
                    "fontFamily": undefined,
                    "textAlignVertical": "center",
                  },
                  Object {
                    "fontSize": 12.8,
                    "lineHeight": 15.36,
                  },
                  false,
                  Object {
                    "lineHeight": 16,
                  },
                ]
              }
            >
              nine
            </Text>
            <Text
              style={
                Array [
                  Object {
                    "color": "#191919",
                    "fontFamily": undefined,
                    "textAlignVertical": "center",
                  },
                  Object {
                    "fontSize": 11.2,
                  },
                  Object {
                    "color": undefined,
                  },
                  Object {},
                ]
              }
            >
              Example of caption
            </Text>
          </View>
        </View>
        <View
          style={
            Array [
              Object {
                "backgroundColor": "transparent",
                "borderRadius": 2.4,
                "bottom": 0,
                "left": 0,
                "overflow": "hidden",
                "position": "absolute",
                "right": 0,
                "top": 0,
              },
              undefined,
            ]
          }
        >
          <View
            style={
              Object {
                "backgroundColor": "#ffffff",
                "height": 0,
                "opacity": 0,
                "width": 0,
                "zIndex": 0,
              }
            }
          />
        </View>
      </View>
      <View
        accessible={true}
        focusable={true}
        onClick={[Function]}
        onLayout={[Function]}
        onResponderGrant={[Function]}
        onResponderMove={[Function]}
        onResponderRelease={[Function]}
        onResponderTerminate={[Function]}
        onResponderTerminationRequest={[Function]}
        onStartShouldSetResponder={[Function]}
        pointerEvents="box-only"
        style={
          Array [
            undefined,
            undefined,
          ]
        }
      >
        <View
          style={
            Object {
              "alignItems": "center",
              "display": "flex",
              "flexDirection": "row",
              "height": 44.8,
              "paddingLeft": 4,
              "paddingRight": 35.2,
            }
          }
        >
          <Text />
          <View
            style={
              Object {
                "marginLeft": 4,
              }
            }
          >
            <Text
              style={
                Array [
                  Object {
                    "color": "#191919",
                    "fontFamily": undefined,
                    "textAlignVertical": "center",
                  },
                  Object {
                    "fontSize": 12.8,
                    "lineHeight": 15.36,
                  },
                  false,
                  Object {
                    "lineHeight": 16,
                  },
                ]
              }
            >
              ten
            </Text>
            <Text
              style={
                Array [
                  Object {
                    "color": "#191919",
                    "fontFamily": undefined,
                    "textAlignVertical": "center",
                  },
                  Object {
                    "fontSize": 11.2,
                  },
                  Object {
                    "color": undefined,
                  },
                  Object {},
                ]
              }
            >
              Example of caption
            </Text>
          </View>
        </View>
        <View
          style={
            Array [
              Object {
                "backgroundColor": "transparent",
                "borderRadius": 2.4,
                "bottom": 0,
                "left": 0,
                "overflow": "hidden",
                "position": "absolute",
                "right": 0,
                "top": 0,
              },
              undefined,
            ]
          }
        >
          <View
            style={
              Object {
                "backgroundColor": "#ffffff",
                "height": 0,
                "opacity": 0,
                "width": 0,
                "zIndex": 0,
              }
            }
          />
        </View>
      </View>
    </View>
  </RCTScrollView>
</View>
`;

exports[`<InputSelect> when {disabled} 1`] = `
<View
  style={
    Array [
      Object {
        "marginBottom": undefined,
        "maxWidth": "100%",
      },
      false,
      undefined,
    ]
  }
>
  <View
    style={
      Array [
        Object {
          "backgroundColor": "#ffffff",
          "borderColor": undefined,
          "borderRadius": 2.4,
          "borderWidth": 1,
          "width": "100%",
        },
        false,
        Object {
          "backgroundColor": undefined,
        },
      ]
    }
  >
    <View
      style={
        Array [
          Object {
            "borderWidth": 0,
            "height": "auto",
            "marginLeft": undefined,
            "marginRight": 4,
          },
          undefined,
        ]
      }
    >
      <RCTPicker
        items={Array []}
        onChange={[Function]}
        onResponderTerminationRequest={[Function]}
        onStartShouldSetResponder={[Function]}
        selectedIndex={0}
        style={
          Array [
            Object {
              "height": 216,
            },
            undefined,
          ]
        }
      />
    </View>
  </View>
</View>
`;

exports[`<InputSelect> when {error} 1`] = `
<View
  style={
    Array [
      Object {
        "marginBottom": undefined,
        "maxWidth": "100%",
      },
      false,
      undefined,
    ]
  }
>
  <View
    style={
      Array [
        Object {
          "backgroundColor": "#ffffff",
          "borderColor": undefined,
          "borderRadius": 2.4,
          "borderWidth": 1,
          "width": "100%",
        },
        Object {
          "borderColor": "#e85a7e",
        },
        false,
      ]
    }
  >
    <View
      style={
        Array [
          Object {
            "borderWidth": 0,
            "height": "auto",
            "marginLeft": undefined,
            "marginRight": 4,
          },
          false,
        ]
      }
    >
      <RCTPicker
        items={Array []}
        onChange={[Function]}
        onResponderTerminationRequest={[Function]}
        onStartShouldSetResponder={[Function]}
        selectedIndex={0}
        style={
          Array [
            Object {
              "height": 216,
            },
            undefined,
          ]
        }
      />
    </View>
  </View>
</View>
`;

exports[`<InputSelect> when {hint} 1`] = `
<View
  style={
    Array [
      Object {
        "marginBottom": undefined,
        "maxWidth": "100%",
      },
      false,
      undefined,
    ]
  }
>
  <View
    style={
      Array [
        Object {
          "backgroundColor": "#ffffff",
          "borderColor": undefined,
          "borderRadius": 2.4,
          "borderWidth": 1,
          "width": "100%",
        },
        undefined,
        false,
      ]
    }
  >
    <View
      style={
        Array [
          Object {
            "borderWidth": 0,
            "height": "auto",
            "marginLeft": undefined,
            "marginRight": 4,
          },
          false,
        ]
      }
    >
      <RCTPicker
        items={Array []}
        onChange={[Function]}
        onResponderTerminationRequest={[Function]}
        onStartShouldSetResponder={[Function]}
        selectedIndex={0}
        style={
          Array [
            Object {
              "height": 216,
            },
            undefined,
          ]
        }
      />
    </View>
  </View>
  <Text
    numberOfLines={2}
    style={
      Array [
        Object {
          "color": "#191919",
          "fontFamily": undefined,
          "textAlignVertical": "center",
        },
        Object {
          "fontSize": 11.2,
        },
        Object {
          "color": undefined,
        },
        Object {
          "marginTop": undefined,
          "maxWidth": "100%",
          "paddingLeft": 0,
        },
      ]
    }
  >
    Optional field
  </Text>
</View>
`;

exports[`<InputSelect> when {label} 1`] = `
<View
  style={
    Array [
      Object {
        "marginBottom": undefined,
        "maxWidth": "100%",
      },
      false,
      undefined,
    ]
  }
>
  <Text
    numberOfLines={2}
    style={
      Array [
        Object {
          "color": "#191919",
          "fontFamily": undefined,
          "textAlignVertical": "center",
        },
        Object {
          "fontSize": 11.2,
        },
        Object {
          "color": undefined,
        },
        Object {
          "color": "#191919",
          "fontWeight": "700",
          "marginBottom": 4,
        },
      ]
    }
  >
    Username
  </Text>
  <View
    style={
      Array [
        Object {
          "backgroundColor": "#ffffff",
          "borderColor": undefined,
          "borderRadius": 2.4,
          "borderWidth": 1,
          "width": "100%",
        },
        undefined,
        false,
      ]
    }
  >
    <View
      style={
        Array [
          Object {
            "borderWidth": 0,
            "height": "auto",
            "marginLeft": undefined,
            "marginRight": 4,
          },
          false,
        ]
      }
    >
      <RCTPicker
        items={Array []}
        onChange={[Function]}
        onResponderTerminationRequest={[Function]}
        onStartShouldSetResponder={[Function]}
        selectedIndex={0}
        style={
          Array [
            Object {
              "height": 216,
            },
            undefined,
          ]
        }
      />
    </View>
  </View>
</View>
`;

exports[`<InputSelect> when {style} 1`] = `
<View
  style={
    Array [
      Object {
        "marginBottom": undefined,
        "maxWidth": "100%",
      },
      false,
      Object {
        "backgroundColor": "rgba(0,255,0,0.25)",
        "marginRight": 16,
        "paddingBottom": 32,
        "width": 256,
      },
    ]
  }
>
  <View
    style={
      Array [
        Object {
          "backgroundColor": "#ffffff",
          "borderColor": undefined,
          "borderRadius": 2.4,
          "borderWidth": 1,
          "width": "100%",
        },
        undefined,
        false,
      ]
    }
  >
    <View
      style={
        Array [
          Object {
            "borderWidth": 0,
            "height": "auto",
            "marginLeft": undefined,
            "marginRight": 4,
          },
          false,
        ]
      }
    >
      <RCTPicker
        items={Array []}
        onChange={[Function]}
        onResponderTerminationRequest={[Function]}
        onStartShouldSetResponder={[Function]}
        selectedIndex={0}
        style={
          Array [
            Object {
              "height": 216,
            },
            undefined,
          ]
        }
      />
    </View>
  </View>
</View>
`;

exports[`<InputSelect> when {value} 1`] = `
<View
  style={
    Array [
      Object {
        "marginBottom": undefined,
        "maxWidth": "100%",
      },
      false,
      undefined,
    ]
  }
>
  <View
    style={
      Object {
        "position": "absolute",
        "right": undefined,
        "top": NaN,
        "zIndex": 1,
      }
    }
  >
    <Text />
  </View>
  <View
    style={
      Array [
        Object {
          "backgroundColor": "#ffffff",
          "borderColor": undefined,
          "borderRadius": 2.4,
          "borderWidth": 1,
          "width": "100%",
        },
        undefined,
        false,
      ]
    }
  >
    <View
      accessible={true}
      focusable={true}
      onClick={[Function]}
      onLayout={[Function]}
      onResponderGrant={[Function]}
      onResponderMove={[Function]}
      onResponderRelease={[Function]}
      onResponderTerminate={[Function]}
      onResponderTerminationRequest={[Function]}
      onStartShouldSetResponder={[Function]}
      pointerEvents="box-only"
      style={
        Array [
          undefined,
          undefined,
        ]
      }
    >
      <View
        style={
          Object {
            "alignItems": "center",
            "display": "flex",
            "flexDirection": "row",
            "height": 44.8,
            "paddingLeft": 4,
            "paddingRight": 35.2,
          }
        }
      >
        <Text />
        <View
          style={
            Object {
              "marginLeft": 4,
            }
          }
        >
          <Text
            style={
              Array [
                Object {
                  "color": "#191919",
                  "fontFamily": undefined,
                  "textAlignVertical": "center",
                },
                Object {
                  "fontSize": 12.8,
                  "lineHeight": 15.36,
                },
                false,
                Object {
                  "lineHeight": 16,
                },
              ]
            }
          >
            four
          </Text>
          <Text
            style={
              Array [
                Object {
                  "color": "#191919",
                  "fontFamily": undefined,
                  "textAlignVertical": "center",
                },
                Object {
                  "fontSize": 11.2,
                },
                Object {
                  "color": undefined,
                },
                Object {},
              ]
            }
          >
            Example of caption
          </Text>
        </View>
      </View>
      <View
        style={
          Array [
            Object {
              "backgroundColor": "transparent",
              "borderRadius": 2.4,
              "bottom": 0,
              "left": 0,
              "overflow": "hidden",
              "position": "absolute",
              "right": 0,
              "top": 0,
            },
            undefined,
          ]
        }
      >
        <View
          style={
            Object {
              "backgroundColor": "#ffffff",
              "height": 0,
              "opacity": 0,
              "width": 0,
              "zIndex": 0,
            }
          }
        />
      </View>
    </View>
  </View>
  <RCTScrollView
    style={
      Array [
        Object {
          "backgroundColor": "#ffffff",
          "borderColor": undefined,
          "borderRadius": 2.4,
          "borderWidth": 1,
          "width": "100%",
        },
        Object {
          "backgroundColor": "#ffffff",
          "position": "absolute",
          "shadowColor": "#191919",
          "shadowOffset": Object {
            "height": 2,
            "width": 0,
          },
          "shadowOpacity": 0.2,
          "shadowRadius": 8,
        },
        Object {
          "display": "none",
        },
        false,
        undefined,
        Object {
          "maxHeight": 627.1999999999999,
        },
      ]
    }
  >
    <View>
      <View
        accessible={true}
        focusable={true}
        onClick={[Function]}
        onLayout={[Function]}
        onResponderGrant={[Function]}
        onResponderMove={[Function]}
        onResponderRelease={[Function]}
        onResponderTerminate={[Function]}
        onResponderTerminationRequest={[Function]}
        onStartShouldSetResponder={[Function]}
        pointerEvents="box-only"
        style={
          Array [
            undefined,
            undefined,
          ]
        }
      >
        <View
          style={
            Object {
              "alignItems": "center",
              "display": "flex",
              "flexDirection": "row",
              "height": 44.8,
              "paddingLeft": 4,
              "paddingRight": 35.2,
            }
          }
        >
          <Text />
          <View
            style={
              Object {
                "marginLeft": 4,
              }
            }
          >
            <Text
              style={
                Array [
                  Object {
                    "color": "#191919",
                    "fontFamily": undefined,
                    "textAlignVertical": "center",
                  },
                  Object {
                    "fontSize": 12.8,
                    "lineHeight": 15.36,
                  },
                  false,
                  Object {
                    "lineHeight": 16,
                  },
                ]
              }
            >
              one
            </Text>
            <Text
              style={
                Array [
                  Object {
                    "color": "#191919",
                    "fontFamily": undefined,
                    "textAlignVertical": "center",
                  },
                  Object {
                    "fontSize": 11.2,
                  },
                  Object {
                    "color": undefined,
                  },
                  Object {},
                ]
              }
            >
              Example of caption
            </Text>
          </View>
        </View>
        <View
          style={
            Array [
              Object {
                "backgroundColor": "transparent",
                "borderRadius": 2.4,
                "bottom": 0,
                "left": 0,
                "overflow": "hidden",
                "position": "absolute",
                "right": 0,
                "top": 0,
              },
              undefined,
            ]
          }
        >
          <View
            style={
              Object {
                "backgroundColor": "#ffffff",
                "height": 0,
                "opacity": 0,
                "width": 0,
                "zIndex": 0,
              }
            }
          />
        </View>
      </View>
      <View
        accessible={true}
        focusable={true}
        onClick={[Function]}
        onLayout={[Function]}
        onResponderGrant={[Function]}
        onResponderMove={[Function]}
        onResponderRelease={[Function]}
        onResponderTerminate={[Function]}
        onResponderTerminationRequest={[Function]}
        onStartShouldSetResponder={[Function]}
        pointerEvents="box-only"
        style={
          Array [
            undefined,
            undefined,
          ]
        }
      >
        <View
          style={
            Object {
              "alignItems": "center",
              "display": "flex",
              "flexDirection": "row",
              "height": 44.8,
              "paddingLeft": 4,
              "paddingRight": 35.2,
            }
          }
        >
          <Text />
          <View
            style={
              Object {
                "marginLeft": 4,
              }
            }
          >
            <Text
              style={
                Array [
                  Object {
                    "color": "#191919",
                    "fontFamily": undefined,
                    "textAlignVertical": "center",
                  },
                  Object {
                    "fontSize": 12.8,
                    "lineHeight": 15.36,
                  },
                  false,
                  Object {
                    "lineHeight": 16,
                  },
                ]
              }
            >
              two
            </Text>
            <Text
              style={
                Array [
                  Object {
                    "color": "#191919",
                    "fontFamily": undefined,
                    "textAlignVertical": "center",
                  },
                  Object {
                    "fontSize": 11.2,
                  },
                  Object {
                    "color": undefined,
                  },
                  Object {},
                ]
              }
            >
              Example of caption
            </Text>
          </View>
        </View>
        <View
          style={
            Array [
              Object {
                "backgroundColor": "transparent",
                "borderRadius": 2.4,
                "bottom": 0,
                "left": 0,
                "overflow": "hidden",
                "position": "absolute",
                "right": 0,
                "top": 0,
              },
              undefined,
            ]
          }
        >
          <View
            style={
              Object {
                "backgroundColor": "#ffffff",
                "height": 0,
                "opacity": 0,
                "width": 0,
                "zIndex": 0,
              }
            }
          />
        </View>
      </View>
      <View
        accessible={true}
        focusable={true}
        onClick={[Function]}
        onLayout={[Function]}
        onResponderGrant={[Function]}
        onResponderMove={[Function]}
        onResponderRelease={[Function]}
        onResponderTerminate={[Function]}
        onResponderTerminationRequest={[Function]}
        onStartShouldSetResponder={[Function]}
        pointerEvents="box-only"
        style={
          Array [
            undefined,
            undefined,
          ]
        }
      >
        <View
          style={
            Object {
              "alignItems": "center",
              "display": "flex",
              "flexDirection": "row",
              "height": 44.8,
              "paddingLeft": 4,
              "paddingRight": 35.2,
            }
          }
        >
          <Text />
          <View
            style={
              Object {
                "marginLeft": 4,
              }
            }
          >
            <Text
              style={
                Array [
                  Object {
                    "color": "#191919",
                    "fontFamily": undefined,
                    "textAlignVertical": "center",
                  },
                  Object {
                    "fontSize": 12.8,
                    "lineHeight": 15.36,
                  },
                  false,
                  Object {
                    "lineHeight": 16,
                  },
                ]
              }
            >
              three
            </Text>
            <Text
              style={
                Array [
                  Object {
                    "color": "#191919",
                    "fontFamily": undefined,
                    "textAlignVertical": "center",
                  },
                  Object {
                    "fontSize": 11.2,
                  },
                  Object {
                    "color": undefined,
                  },
                  Object {},
                ]
              }
            >
              Example of caption
            </Text>
          </View>
        </View>
        <View
          style={
            Array [
              Object {
                "backgroundColor": "transparent",
                "borderRadius": 2.4,
                "bottom": 0,
                "left": 0,
                "overflow": "hidden",
                "position": "absolute",
                "right": 0,
                "top": 0,
              },
              undefined,
            ]
          }
        >
          <View
            style={
              Object {
                "backgroundColor": "#ffffff",
                "height": 0,
                "opacity": 0,
                "width": 0,
                "zIndex": 0,
              }
            }
          />
        </View>
      </View>
      <View
        accessible={true}
        focusable={true}
        onClick={[Function]}
        onLayout={[Function]}
        onResponderGrant={[Function]}
        onResponderMove={[Function]}
        onResponderRelease={[Function]}
        onResponderTerminate={[Function]}
        onResponderTerminationRequest={[Function]}
        onStartShouldSetResponder={[Function]}
        pointerEvents="box-only"
        style={
          Array [
            undefined,
            undefined,
          ]
        }
      >
        <View
          style={
            Object {
              "alignItems": "center",
              "display": "flex",
              "flexDirection": "row",
              "height": 44.8,
              "paddingLeft": 4,
              "paddingRight": 35.2,
            }
          }
        >
          <Text />
          <View
            style={
              Object {
                "marginLeft": 4,
              }
            }
          >
            <Text
              style={
                Array [
                  Object {
                    "color": "#191919",
                    "fontFamily": undefined,
                    "textAlignVertical": "center",
                  },
                  Object {
                    "fontSize": 12.8,
                    "lineHeight": 15.36,
                  },
                  false,
                  Object {
                    "lineHeight": 16,
                  },
                ]
              }
            >
              four
            </Text>
            <Text
              style={
                Array [
                  Object {
                    "color": "#191919",
                    "fontFamily": undefined,
                    "textAlignVertical": "center",
                  },
                  Object {
                    "fontSize": 11.2,
                  },
                  Object {
                    "color": undefined,
                  },
                  Object {},
                ]
              }
            >
              Example of caption
            </Text>
          </View>
        </View>
        <View
          style={
            Array [
              Object {
                "backgroundColor": "transparent",
                "borderRadius": 2.4,
                "bottom": 0,
                "left": 0,
                "overflow": "hidden",
                "position": "absolute",
                "right": 0,
                "top": 0,
              },
              undefined,
            ]
          }
        >
          <View
            style={
              Object {
                "backgroundColor": "#ffffff",
                "height": 0,
                "opacity": 0,
                "width": 0,
                "zIndex": 0,
              }
            }
          />
        </View>
      </View>
      <View
        accessible={true}
        focusable={true}
        onClick={[Function]}
        onLayout={[Function]}
        onResponderGrant={[Function]}
        onResponderMove={[Function]}
        onResponderRelease={[Function]}
        onResponderTerminate={[Function]}
        onResponderTerminationRequest={[Function]}
        onStartShouldSetResponder={[Function]}
        pointerEvents="box-only"
        style={
          Array [
            undefined,
            undefined,
          ]
        }
      >
        <View
          style={
            Object {
              "alignItems": "center",
              "display": "flex",
              "flexDirection": "row",
              "height": 44.8,
              "paddingLeft": 4,
              "paddingRight": 35.2,
            }
          }
        >
          <Text />
          <View
            style={
              Object {
                "marginLeft": 4,
              }
            }
          >
            <Text
              style={
                Array [
                  Object {
                    "color": "#191919",
                    "fontFamily": undefined,
                    "textAlignVertical": "center",
                  },
                  Object {
                    "fontSize": 12.8,
                    "lineHeight": 15.36,
                  },
                  false,
                  Object {
                    "lineHeight": 16,
                  },
                ]
              }
            >
              five
            </Text>
            <Text
              style={
                Array [
                  Object {
                    "color": "#191919",
                    "fontFamily": undefined,
                    "textAlignVertical": "center",
                  },
                  Object {
                    "fontSize": 11.2,
                  },
                  Object {
                    "color": undefined,
                  },
                  Object {},
                ]
              }
            >
              Example of caption
            </Text>
          </View>
        </View>
        <View
          style={
            Array [
              Object {
                "backgroundColor": "transparent",
                "borderRadius": 2.4,
                "bottom": 0,
                "left": 0,
                "overflow": "hidden",
                "position": "absolute",
                "right": 0,
                "top": 0,
              },
              undefined,
            ]
          }
        >
          <View
            style={
              Object {
                "backgroundColor": "#ffffff",
                "height": 0,
                "opacity": 0,
                "width": 0,
                "zIndex": 0,
              }
            }
          />
        </View>
      </View>
      <View
        accessible={true}
        focusable={true}
        onClick={[Function]}
        onLayout={[Function]}
        onResponderGrant={[Function]}
        onResponderMove={[Function]}
        onResponderRelease={[Function]}
        onResponderTerminate={[Function]}
        onResponderTerminationRequest={[Function]}
        onStartShouldSetResponder={[Function]}
        pointerEvents="box-only"
        style={
          Array [
            undefined,
            undefined,
          ]
        }
      >
        <View
          style={
            Object {
              "alignItems": "center",
              "display": "flex",
              "flexDirection": "row",
              "height": 44.8,
              "paddingLeft": 4,
              "paddingRight": 35.2,
            }
          }
        >
          <Text />
          <View
            style={
              Object {
                "marginLeft": 4,
              }
            }
          >
            <Text
              style={
                Array [
                  Object {
                    "color": "#191919",
                    "fontFamily": undefined,
                    "textAlignVertical": "center",
                  },
                  Object {
                    "fontSize": 12.8,
                    "lineHeight": 15.36,
                  },
                  false,
                  Object {
                    "lineHeight": 16,
                  },
                ]
              }
            >
              six
            </Text>
            <Text
              style={
                Array [
                  Object {
                    "color": "#191919",
                    "fontFamily": undefined,
                    "textAlignVertical": "center",
                  },
                  Object {
                    "fontSize": 11.2,
                  },
                  Object {
                    "color": undefined,
                  },
                  Object {},
                ]
              }
            >
              Example of caption
            </Text>
          </View>
        </View>
        <View
          style={
            Array [
              Object {
                "backgroundColor": "transparent",
                "borderRadius": 2.4,
                "bottom": 0,
                "left": 0,
                "overflow": "hidden",
                "position": "absolute",
                "right": 0,
                "top": 0,
              },
              undefined,
            ]
          }
        >
          <View
            style={
              Object {
                "backgroundColor": "#ffffff",
                "height": 0,
                "opacity": 0,
                "width": 0,
                "zIndex": 0,
              }
            }
          />
        </View>
      </View>
      <View
        accessible={true}
        focusable={true}
        onClick={[Function]}
        onLayout={[Function]}
        onResponderGrant={[Function]}
        onResponderMove={[Function]}
        onResponderRelease={[Function]}
        onResponderTerminate={[Function]}
        onResponderTerminationRequest={[Function]}
        onStartShouldSetResponder={[Function]}
        pointerEvents="box-only"
        style={
          Array [
            undefined,
            undefined,
          ]
        }
      >
        <View
          style={
            Object {
              "alignItems": "center",
              "display": "flex",
              "flexDirection": "row",
              "height": 44.8,
              "paddingLeft": 4,
              "paddingRight": 35.2,
            }
          }
        >
          <Text />
          <View
            style={
              Object {
                "marginLeft": 4,
              }
            }
          >
            <Text
              style={
                Array [
                  Object {
                    "color": "#191919",
                    "fontFamily": undefined,
                    "textAlignVertical": "center",
                  },
                  Object {
                    "fontSize": 12.8,
                    "lineHeight": 15.36,
                  },
                  false,
                  Object {
                    "lineHeight": 16,
                  },
                ]
              }
            >
              seven
            </Text>
            <Text
              style={
                Array [
                  Object {
                    "color": "#191919",
                    "fontFamily": undefined,
                    "textAlignVertical": "center",
                  },
                  Object {
                    "fontSize": 11.2,
                  },
                  Object {
                    "color": undefined,
                  },
                  Object {},
                ]
              }
            >
              Example of caption
            </Text>
          </View>
        </View>
        <View
          style={
            Array [
              Object {
                "backgroundColor": "transparent",
                "borderRadius": 2.4,
                "bottom": 0,
                "left": 0,
                "overflow": "hidden",
                "position": "absolute",
                "right": 0,
                "top": 0,
              },
              undefined,
            ]
          }
        >
          <View
            style={
              Object {
                "backgroundColor": "#ffffff",
                "height": 0,
                "opacity": 0,
                "width": 0,
                "zIndex": 0,
              }
            }
          />
        </View>
      </View>
      <View
        accessible={true}
        focusable={true}
        onClick={[Function]}
        onLayout={[Function]}
        onResponderGrant={[Function]}
        onResponderMove={[Function]}
        onResponderRelease={[Function]}
        onResponderTerminate={[Function]}
        onResponderTerminationRequest={[Function]}
        onStartShouldSetResponder={[Function]}
        pointerEvents="box-only"
        style={
          Array [
            undefined,
            undefined,
          ]
        }
      >
        <View
          style={
            Object {
              "alignItems": "center",
              "display": "flex",
              "flexDirection": "row",
              "height": 44.8,
              "paddingLeft": 4,
              "paddingRight": 35.2,
            }
          }
        >
          <Text />
          <View
            style={
              Object {
                "marginLeft": 4,
              }
            }
          >
            <Text
              style={
                Array [
                  Object {
                    "color": "#191919",
                    "fontFamily": undefined,
                    "textAlignVertical": "center",
                  },
                  Object {
                    "fontSize": 12.8,
                    "lineHeight": 15.36,
                  },
                  false,
                  Object {
                    "lineHeight": 16,
                  },
                ]
              }
            >
              eight
            </Text>
            <Text
              style={
                Array [
                  Object {
                    "color": "#191919",
                    "fontFamily": undefined,
                    "textAlignVertical": "center",
                  },
                  Object {
                    "fontSize": 11.2,
                  },
                  Object {
                    "color": undefined,
                  },
                  Object {},
                ]
              }
            >
              Example of caption
            </Text>
          </View>
        </View>
        <View
          style={
            Array [
              Object {
                "backgroundColor": "transparent",
                "borderRadius": 2.4,
                "bottom": 0,
                "left": 0,
                "overflow": "hidden",
                "position": "absolute",
                "right": 0,
                "top": 0,
              },
              undefined,
            ]
          }
        >
          <View
            style={
              Object {
                "backgroundColor": "#ffffff",
                "height": 0,
                "opacity": 0,
                "width": 0,
                "zIndex": 0,
              }
            }
          />
        </View>
      </View>
      <View
        accessible={true}
        focusable={true}
        onClick={[Function]}
        onLayout={[Function]}
        onResponderGrant={[Function]}
        onResponderMove={[Function]}
        onResponderRelease={[Function]}
        onResponderTerminate={[Function]}
        onResponderTerminationRequest={[Function]}
        onStartShouldSetResponder={[Function]}
        pointerEvents="box-only"
        style={
          Array [
            undefined,
            undefined,
          ]
        }
      >
        <View
          style={
            Object {
              "alignItems": "center",
              "display": "flex",
              "flexDirection": "row",
              "height": 44.8,
              "paddingLeft": 4,
              "paddingRight": 35.2,
            }
          }
        >
          <Text />
          <View
            style={
              Object {
                "marginLeft": 4,
              }
            }
          >
            <Text
              style={
                Array [
                  Object {
                    "color": "#191919",
                    "fontFamily": undefined,
                    "textAlignVertical": "center",
                  },
                  Object {
                    "fontSize": 12.8,
                    "lineHeight": 15.36,
                  },
                  false,
                  Object {
                    "lineHeight": 16,
                  },
                ]
              }
            >
              nine
            </Text>
            <Text
              style={
                Array [
                  Object {
                    "color": "#191919",
                    "fontFamily": undefined,
                    "textAlignVertical": "center",
                  },
                  Object {
                    "fontSize": 11.2,
                  },
                  Object {
                    "color": undefined,
                  },
                  Object {},
                ]
              }
            >
              Example of caption
            </Text>
          </View>
        </View>
        <View
          style={
            Array [
              Object {
                "backgroundColor": "transparent",
                "borderRadius": 2.4,
                "bottom": 0,
                "left": 0,
                "overflow": "hidden",
                "position": "absolute",
                "right": 0,
                "top": 0,
              },
              undefined,
            ]
          }
        >
          <View
            style={
              Object {
                "backgroundColor": "#ffffff",
                "height": 0,
                "opacity": 0,
                "width": 0,
                "zIndex": 0,
              }
            }
          />
        </View>
      </View>
      <View
        accessible={true}
        focusable={true}
        onClick={[Function]}
        onLayout={[Function]}
        onResponderGrant={[Function]}
        onResponderMove={[Function]}
        onResponderRelease={[Function]}
        onResponderTerminate={[Function]}
        onResponderTerminationRequest={[Function]}
        onStartShouldSetResponder={[Function]}
        pointerEvents="box-only"
        style={
          Array [
            undefined,
            undefined,
          ]
        }
      >
        <View
          style={
            Object {
              "alignItems": "center",
              "display": "flex",
              "flexDirection": "row",
              "height": 44.8,
              "paddingLeft": 4,
              "paddingRight": 35.2,
            }
          }
        >
          <Text />
          <View
            style={
              Object {
                "marginLeft": 4,
              }
            }
          >
            <Text
              style={
                Array [
                  Object {
                    "color": "#191919",
                    "fontFamily": undefined,
                    "textAlignVertical": "center",
                  },
                  Object {
                    "fontSize": 12.8,
                    "lineHeight": 15.36,
                  },
                  false,
                  Object {
                    "lineHeight": 16,
                  },
                ]
              }
            >
              ten
            </Text>
            <Text
              style={
                Array [
                  Object {
                    "color": "#191919",
                    "fontFamily": undefined,
                    "textAlignVertical": "center",
                  },
                  Object {
                    "fontSize": 11.2,
                  },
                  Object {
                    "color": undefined,
                  },
                  Object {},
                ]
              }
            >
              Example of caption
            </Text>
          </View>
        </View>
        <View
          style={
            Array [
              Object {
                "backgroundColor": "transparent",
                "borderRadius": 2.4,
                "bottom": 0,
                "left": 0,
                "overflow": "hidden",
                "position": "absolute",
                "right": 0,
                "top": 0,
              },
              undefined,
            ]
          }
        >
          <View
            style={
              Object {
                "backgroundColor": "#ffffff",
                "height": 0,
                "opacity": 0,
                "width": 0,
                "zIndex": 0,
              }
            }
          />
        </View>
      </View>
    </View>
  </RCTScrollView>
</View>
`;
