// Jest Snapshot v1, https://goo.gl/fbAQLP

exports[`<InputSelect> renders 1`] = `
<View
  style={
    Object {
      "width": "100%",
    }
  }
>
  <Text />
  <View
    style={
      Array [
        Object {
          "backgroundColor": "transparent",
          "borderWidth": 0,
          "height": "auto",
          "marginHorizontal": 0,
        },
        Object {
          "height": 40,
        },
      ]
    }
  >
    <RCTPicker
      items={Array []}
      onChange={[Function]}
      onResponderTerminationRequest={[Function]}
      onStartShouldSetResponder={[Function]}
      selectedIndex={0}
      style={
        Array [
          Object {
            "height": 216,
          },
          undefined,
        ]
      }
    />
  </View>
</View>
`;

exports[`<InputSelect> when {ItemTemplate} 1`] = `
<View
  style={
    Object {
      "width": "100%",
    }
  }
>
  <Text />
  <View
    style={
      Array [
        Object {
          "backgroundColor": "transparent",
          "borderWidth": 0,
          "height": "auto",
          "marginHorizontal": 0,
        },
        Object {
          "height": 40,
        },
      ]
    }
  >
    <RCTPicker
      items={Array []}
      onChange={[Function]}
      onResponderTerminationRequest={[Function]}
      onStartShouldSetResponder={[Function]}
      selectedIndex={0}
      style={
        Array [
          Object {
            "height": 216,
          },
          undefined,
        ]
      }
    />
  </View>
</View>
`;

exports[`<InputSelect> when {dataSource (string)} 1`] = `
<View
  style={
    Object {
      "width": "100%",
    }
  }
>
  <Text />
  <View
    style={
      Array [
        Object {
          "backgroundColor": "transparent",
          "borderWidth": 0,
          "height": "auto",
          "marginHorizontal": 0,
        },
        Object {
          "height": 40,
        },
      ]
    }
  >
    <RCTPicker
      items={
        Array [
          Object {
            "label": "one",
            "textColor": undefined,
            "value": "one",
          },
          Object {
            "label": "two",
            "textColor": undefined,
            "value": "two",
          },
          Object {
            "label": "three",
            "textColor": undefined,
            "value": "three",
          },
          Object {
            "label": "four",
            "textColor": undefined,
            "value": "four",
          },
          Object {
            "label": "five",
            "textColor": undefined,
            "value": "five",
          },
          Object {
            "label": "six",
            "textColor": undefined,
            "value": "six",
          },
          Object {
            "label": "seven",
            "textColor": undefined,
            "value": "seven",
          },
          Object {
            "label": "eight",
            "textColor": undefined,
            "value": "eight",
          },
          Object {
            "label": "nine",
            "textColor": undefined,
            "value": "nine",
          },
          Object {
            "label": "ten",
            "textColor": undefined,
            "value": "ten",
          },
        ]
      }
      onChange={[Function]}
      onResponderTerminationRequest={[Function]}
      onStartShouldSetResponder={[Function]}
      selectedIndex={0}
      style={
        Array [
          Object {
            "height": 216,
          },
          undefined,
        ]
      }
    />
  </View>
</View>
`;

exports[`<InputSelect> when {dataSource} 1`] = `
<View
  style={
    Object {
      "width": "100%",
    }
  }
>
  <Text />
  <View
    accessible={true}
    focusable={true}
    onClick={[Function]}
    onLayout={[Function]}
    onResponderGrant={[Function]}
    onResponderMove={[Function]}
    onResponderRelease={[Function]}
    onResponderTerminate={[Function]}
    onResponderTerminationRequest={[Function]}
    onStartShouldSetResponder={[Function]}
    pointerEvents="box-only"
    style={
      Array [
        undefined,
        undefined,
      ]
    }
  >
    <View
      style={
        Object {
          "alignItems": "center",
          "display": "flex",
          "flexDirection": "row",
          "height": 44.8,
        }
      }
    >
      <Text />
      <View
        style={
          Object {
            "marginLeft": 4,
          }
        }
      >
        <Text
          lighten={false}
          style={
            Array [
              Object {
                "fontFamily": undefined,
                "textAlignVertical": "center",
              },
              Object {
                "fontSize": 16,
                "lineHeight": 24,
              },
              undefined,
              false,
              undefined,
              Object {
                "lineHeight": 16,
              },
            ]
          }
        >
          one
        </Text>
        <Text
          lighten={true}
          style={
            Array [
              Object {
                "fontFamily": undefined,
                "textAlignVertical": "center",
              },
              Object {
                "fontSize": 12,
              },
              undefined,
              false,
              undefined,
              undefined,
            ]
          }
        >
          Example of caption
        </Text>
      </View>
    </View>
    <View
      style={
        Array [
          Object {
            "backgroundColor": "transparent",
            "borderRadius": 0,
            "bottom": 0,
            "left": 0,
            "overflow": "hidden",
            "position": "absolute",
            "right": 0,
            "top": 0,
          },
          undefined,
        ]
      }
    >
      <View
        style={
          Object {
            "backgroundColor": "#62e6ac",
            "height": 0,
            "opacity": 0,
            "width": 0,
            "zIndex": 0,
          }
        }
      />
    </View>
  </View>
  <RCTScrollView
    style={
      Array [
        Object {
          "backgroundColor": "#ffffff",
          "position": "absolute",
          "shadowColor": "#191919",
          "shadowOffset": Object {
            "height": 2,
            "width": 0,
          },
          "shadowOpacity": 0.2,
          "shadowRadius": 8,
          "width": "100%",
        },
        Object {
          "display": "none",
        },
        false,
        Object {
          "maxHeight": 627.1999999999999,
        },
      ]
    }
  >
    <View>
      <View
        accessible={true}
        focusable={true}
        onClick={[Function]}
        onLayout={[Function]}
        onResponderGrant={[Function]}
        onResponderMove={[Function]}
        onResponderRelease={[Function]}
        onResponderTerminate={[Function]}
        onResponderTerminationRequest={[Function]}
        onStartShouldSetResponder={[Function]}
        pointerEvents="box-only"
        style={
          Array [
            undefined,
            undefined,
          ]
        }
      >
        <View
          style={
            Object {
              "alignItems": "center",
              "display": "flex",
              "flexDirection": "row",
              "height": 44.8,
            }
          }
        >
          <Text />
          <View
            style={
              Object {
                "marginLeft": 4,
              }
            }
          >
            <Text
              style={
                Array [
                  Object {
                    "fontFamily": undefined,
                    "textAlignVertical": "center",
                  },
                  Object {
                    "fontSize": 16,
                    "lineHeight": 24,
                  },
                  undefined,
                  false,
                  undefined,
                  Object {
                    "lineHeight": 16,
                  },
                ]
              }
            >
              one
            </Text>
            <Text
              lighten={true}
              style={
                Array [
                  Object {
                    "fontFamily": undefined,
                    "textAlignVertical": "center",
                  },
                  Object {
                    "fontSize": 12,
                  },
                  undefined,
                  false,
                  undefined,
                  undefined,
                ]
              }
            >
              Example of caption
            </Text>
          </View>
        </View>
        <View
          style={
            Array [
              Object {
                "backgroundColor": "transparent",
                "borderRadius": 0,
                "bottom": 0,
                "left": 0,
                "overflow": "hidden",
                "position": "absolute",
                "right": 0,
                "top": 0,
              },
              undefined,
            ]
          }
        >
          <View
            style={
              Object {
                "backgroundColor": "#62e6ac",
                "height": 0,
                "opacity": 0,
                "width": 0,
                "zIndex": 0,
              }
            }
          />
        </View>
      </View>
      <View
        accessible={true}
        focusable={true}
        onClick={[Function]}
        onLayout={[Function]}
        onResponderGrant={[Function]}
        onResponderMove={[Function]}
        onResponderRelease={[Function]}
        onResponderTerminate={[Function]}
        onResponderTerminationRequest={[Function]}
        onStartShouldSetResponder={[Function]}
        pointerEvents="box-only"
        style={
          Array [
            undefined,
            undefined,
          ]
        }
      >
        <View
          style={
            Object {
              "alignItems": "center",
              "display": "flex",
              "flexDirection": "row",
              "height": 44.8,
            }
          }
        >
          <Text />
          <View
            style={
              Object {
                "marginLeft": 4,
              }
            }
          >
            <Text
              style={
                Array [
                  Object {
                    "fontFamily": undefined,
                    "textAlignVertical": "center",
                  },
                  Object {
                    "fontSize": 16,
                    "lineHeight": 24,
                  },
                  undefined,
                  false,
                  undefined,
                  Object {
                    "lineHeight": 16,
                  },
                ]
              }
            >
              two
            </Text>
            <Text
              lighten={true}
              style={
                Array [
                  Object {
                    "fontFamily": undefined,
                    "textAlignVertical": "center",
                  },
                  Object {
                    "fontSize": 12,
                  },
                  undefined,
                  false,
                  undefined,
                  undefined,
                ]
              }
            >
              Example of caption
            </Text>
          </View>
        </View>
        <View
          style={
            Array [
              Object {
                "backgroundColor": "transparent",
                "borderRadius": 0,
                "bottom": 0,
                "left": 0,
                "overflow": "hidden",
                "position": "absolute",
                "right": 0,
                "top": 0,
              },
              undefined,
            ]
          }
        >
          <View
            style={
              Object {
                "backgroundColor": "#62e6ac",
                "height": 0,
                "opacity": 0,
                "width": 0,
                "zIndex": 0,
              }
            }
          />
        </View>
      </View>
      <View
        accessible={true}
        focusable={true}
        onClick={[Function]}
        onLayout={[Function]}
        onResponderGrant={[Function]}
        onResponderMove={[Function]}
        onResponderRelease={[Function]}
        onResponderTerminate={[Function]}
        onResponderTerminationRequest={[Function]}
        onStartShouldSetResponder={[Function]}
        pointerEvents="box-only"
        style={
          Array [
            undefined,
            undefined,
          ]
        }
      >
        <View
          style={
            Object {
              "alignItems": "center",
              "display": "flex",
              "flexDirection": "row",
              "height": 44.8,
            }
          }
        >
          <Text />
          <View
            style={
              Object {
                "marginLeft": 4,
              }
            }
          >
            <Text
              style={
                Array [
                  Object {
                    "fontFamily": undefined,
                    "textAlignVertical": "center",
                  },
                  Object {
                    "fontSize": 16,
                    "lineHeight": 24,
                  },
                  undefined,
                  false,
                  undefined,
                  Object {
                    "lineHeight": 16,
                  },
                ]
              }
            >
              three
            </Text>
            <Text
              lighten={true}
              style={
                Array [
                  Object {
                    "fontFamily": undefined,
                    "textAlignVertical": "center",
                  },
                  Object {
                    "fontSize": 12,
                  },
                  undefined,
                  false,
                  undefined,
                  undefined,
                ]
              }
            >
              Example of caption
            </Text>
          </View>
        </View>
        <View
          style={
            Array [
              Object {
                "backgroundColor": "transparent",
                "borderRadius": 0,
                "bottom": 0,
                "left": 0,
                "overflow": "hidden",
                "position": "absolute",
                "right": 0,
                "top": 0,
              },
              undefined,
            ]
          }
        >
          <View
            style={
              Object {
                "backgroundColor": "#62e6ac",
                "height": 0,
                "opacity": 0,
                "width": 0,
                "zIndex": 0,
              }
            }
          />
        </View>
      </View>
      <View
        accessible={true}
        focusable={true}
        onClick={[Function]}
        onLayout={[Function]}
        onResponderGrant={[Function]}
        onResponderMove={[Function]}
        onResponderRelease={[Function]}
        onResponderTerminate={[Function]}
        onResponderTerminationRequest={[Function]}
        onStartShouldSetResponder={[Function]}
        pointerEvents="box-only"
        style={
          Array [
            undefined,
            undefined,
          ]
        }
      >
        <View
          style={
            Object {
              "alignItems": "center",
              "display": "flex",
              "flexDirection": "row",
              "height": 44.8,
            }
          }
        >
          <Text />
          <View
            style={
              Object {
                "marginLeft": 4,
              }
            }
          >
            <Text
              style={
                Array [
                  Object {
                    "fontFamily": undefined,
                    "textAlignVertical": "center",
                  },
                  Object {
                    "fontSize": 16,
                    "lineHeight": 24,
                  },
                  undefined,
                  false,
                  undefined,
                  Object {
                    "lineHeight": 16,
                  },
                ]
              }
            >
              four
            </Text>
            <Text
              lighten={true}
              style={
                Array [
                  Object {
                    "fontFamily": undefined,
                    "textAlignVertical": "center",
                  },
                  Object {
                    "fontSize": 12,
                  },
                  undefined,
                  false,
                  undefined,
                  undefined,
                ]
              }
            >
              Example of caption
            </Text>
          </View>
        </View>
        <View
          style={
            Array [
              Object {
                "backgroundColor": "transparent",
                "borderRadius": 0,
                "bottom": 0,
                "left": 0,
                "overflow": "hidden",
                "position": "absolute",
                "right": 0,
                "top": 0,
              },
              undefined,
            ]
          }
        >
          <View
            style={
              Object {
                "backgroundColor": "#62e6ac",
                "height": 0,
                "opacity": 0,
                "width": 0,
                "zIndex": 0,
              }
            }
          />
        </View>
      </View>
      <View
        accessible={true}
        focusable={true}
        onClick={[Function]}
        onLayout={[Function]}
        onResponderGrant={[Function]}
        onResponderMove={[Function]}
        onResponderRelease={[Function]}
        onResponderTerminate={[Function]}
        onResponderTerminationRequest={[Function]}
        onStartShouldSetResponder={[Function]}
        pointerEvents="box-only"
        style={
          Array [
            undefined,
            undefined,
          ]
        }
      >
        <View
          style={
            Object {
              "alignItems": "center",
              "display": "flex",
              "flexDirection": "row",
              "height": 44.8,
            }
          }
        >
          <Text />
          <View
            style={
              Object {
                "marginLeft": 4,
              }
            }
          >
            <Text
              style={
                Array [
                  Object {
                    "fontFamily": undefined,
                    "textAlignVertical": "center",
                  },
                  Object {
                    "fontSize": 16,
                    "lineHeight": 24,
                  },
                  undefined,
                  false,
                  undefined,
                  Object {
                    "lineHeight": 16,
                  },
                ]
              }
            >
              five
            </Text>
            <Text
              lighten={true}
              style={
                Array [
                  Object {
                    "fontFamily": undefined,
                    "textAlignVertical": "center",
                  },
                  Object {
                    "fontSize": 12,
                  },
                  undefined,
                  false,
                  undefined,
                  undefined,
                ]
              }
            >
              Example of caption
            </Text>
          </View>
        </View>
        <View
          style={
            Array [
              Object {
                "backgroundColor": "transparent",
                "borderRadius": 0,
                "bottom": 0,
                "left": 0,
                "overflow": "hidden",
                "position": "absolute",
                "right": 0,
                "top": 0,
              },
              undefined,
            ]
          }
        >
          <View
            style={
              Object {
                "backgroundColor": "#62e6ac",
                "height": 0,
                "opacity": 0,
                "width": 0,
                "zIndex": 0,
              }
            }
          />
        </View>
      </View>
      <View
        accessible={true}
        focusable={true}
        onClick={[Function]}
        onLayout={[Function]}
        onResponderGrant={[Function]}
        onResponderMove={[Function]}
        onResponderRelease={[Function]}
        onResponderTerminate={[Function]}
        onResponderTerminationRequest={[Function]}
        onStartShouldSetResponder={[Function]}
        pointerEvents="box-only"
        style={
          Array [
            undefined,
            undefined,
          ]
        }
      >
        <View
          style={
            Object {
              "alignItems": "center",
              "display": "flex",
              "flexDirection": "row",
              "height": 44.8,
            }
          }
        >
          <Text />
          <View
            style={
              Object {
                "marginLeft": 4,
              }
            }
          >
            <Text
              style={
                Array [
                  Object {
                    "fontFamily": undefined,
                    "textAlignVertical": "center",
                  },
                  Object {
                    "fontSize": 16,
                    "lineHeight": 24,
                  },
                  undefined,
                  false,
                  undefined,
                  Object {
                    "lineHeight": 16,
                  },
                ]
              }
            >
              six
            </Text>
            <Text
              lighten={true}
              style={
                Array [
                  Object {
                    "fontFamily": undefined,
                    "textAlignVertical": "center",
                  },
                  Object {
                    "fontSize": 12,
                  },
                  undefined,
                  false,
                  undefined,
                  undefined,
                ]
              }
            >
              Example of caption
            </Text>
          </View>
        </View>
        <View
          style={
            Array [
              Object {
                "backgroundColor": "transparent",
                "borderRadius": 0,
                "bottom": 0,
                "left": 0,
                "overflow": "hidden",
                "position": "absolute",
                "right": 0,
                "top": 0,
              },
              undefined,
            ]
          }
        >
          <View
            style={
              Object {
                "backgroundColor": "#62e6ac",
                "height": 0,
                "opacity": 0,
                "width": 0,
                "zIndex": 0,
              }
            }
          />
        </View>
      </View>
      <View
        accessible={true}
        focusable={true}
        onClick={[Function]}
        onLayout={[Function]}
        onResponderGrant={[Function]}
        onResponderMove={[Function]}
        onResponderRelease={[Function]}
        onResponderTerminate={[Function]}
        onResponderTerminationRequest={[Function]}
        onStartShouldSetResponder={[Function]}
        pointerEvents="box-only"
        style={
          Array [
            undefined,
            undefined,
          ]
        }
      >
        <View
          style={
            Object {
              "alignItems": "center",
              "display": "flex",
              "flexDirection": "row",
              "height": 44.8,
            }
          }
        >
          <Text />
          <View
            style={
              Object {
                "marginLeft": 4,
              }
            }
          >
            <Text
              style={
                Array [
                  Object {
                    "fontFamily": undefined,
                    "textAlignVertical": "center",
                  },
                  Object {
                    "fontSize": 16,
                    "lineHeight": 24,
                  },
                  undefined,
                  false,
                  undefined,
                  Object {
                    "lineHeight": 16,
                  },
                ]
              }
            >
              seven
            </Text>
            <Text
              lighten={true}
              style={
                Array [
                  Object {
                    "fontFamily": undefined,
                    "textAlignVertical": "center",
                  },
                  Object {
                    "fontSize": 12,
                  },
                  undefined,
                  false,
                  undefined,
                  undefined,
                ]
              }
            >
              Example of caption
            </Text>
          </View>
        </View>
        <View
          style={
            Array [
              Object {
                "backgroundColor": "transparent",
                "borderRadius": 0,
                "bottom": 0,
                "left": 0,
                "overflow": "hidden",
                "position": "absolute",
                "right": 0,
                "top": 0,
              },
              undefined,
            ]
          }
        >
          <View
            style={
              Object {
                "backgroundColor": "#62e6ac",
                "height": 0,
                "opacity": 0,
                "width": 0,
                "zIndex": 0,
              }
            }
          />
        </View>
      </View>
      <View
        accessible={true}
        focusable={true}
        onClick={[Function]}
        onLayout={[Function]}
        onResponderGrant={[Function]}
        onResponderMove={[Function]}
        onResponderRelease={[Function]}
        onResponderTerminate={[Function]}
        onResponderTerminationRequest={[Function]}
        onStartShouldSetResponder={[Function]}
        pointerEvents="box-only"
        style={
          Array [
            undefined,
            undefined,
          ]
        }
      >
        <View
          style={
            Object {
              "alignItems": "center",
              "display": "flex",
              "flexDirection": "row",
              "height": 44.8,
            }
          }
        >
          <Text />
          <View
            style={
              Object {
                "marginLeft": 4,
              }
            }
          >
            <Text
              style={
                Array [
                  Object {
                    "fontFamily": undefined,
                    "textAlignVertical": "center",
                  },
                  Object {
                    "fontSize": 16,
                    "lineHeight": 24,
                  },
                  undefined,
                  false,
                  undefined,
                  Object {
                    "lineHeight": 16,
                  },
                ]
              }
            >
              eight
            </Text>
            <Text
              lighten={true}
              style={
                Array [
                  Object {
                    "fontFamily": undefined,
                    "textAlignVertical": "center",
                  },
                  Object {
                    "fontSize": 12,
                  },
                  undefined,
                  false,
                  undefined,
                  undefined,
                ]
              }
            >
              Example of caption
            </Text>
          </View>
        </View>
        <View
          style={
            Array [
              Object {
                "backgroundColor": "transparent",
                "borderRadius": 0,
                "bottom": 0,
                "left": 0,
                "overflow": "hidden",
                "position": "absolute",
                "right": 0,
                "top": 0,
              },
              undefined,
            ]
          }
        >
          <View
            style={
              Object {
                "backgroundColor": "#62e6ac",
                "height": 0,
                "opacity": 0,
                "width": 0,
                "zIndex": 0,
              }
            }
          />
        </View>
      </View>
      <View
        accessible={true}
        focusable={true}
        onClick={[Function]}
        onLayout={[Function]}
        onResponderGrant={[Function]}
        onResponderMove={[Function]}
        onResponderRelease={[Function]}
        onResponderTerminate={[Function]}
        onResponderTerminationRequest={[Function]}
        onStartShouldSetResponder={[Function]}
        pointerEvents="box-only"
        style={
          Array [
            undefined,
            undefined,
          ]
        }
      >
        <View
          style={
            Object {
              "alignItems": "center",
              "display": "flex",
              "flexDirection": "row",
              "height": 44.8,
            }
          }
        >
          <Text />
          <View
            style={
              Object {
                "marginLeft": 4,
              }
            }
          >
            <Text
              style={
                Array [
                  Object {
                    "fontFamily": undefined,
                    "textAlignVertical": "center",
                  },
                  Object {
                    "fontSize": 16,
                    "lineHeight": 24,
                  },
                  undefined,
                  false,
                  undefined,
                  Object {
                    "lineHeight": 16,
                  },
                ]
              }
            >
              nine
            </Text>
            <Text
              lighten={true}
              style={
                Array [
                  Object {
                    "fontFamily": undefined,
                    "textAlignVertical": "center",
                  },
                  Object {
                    "fontSize": 12,
                  },
                  undefined,
                  false,
                  undefined,
                  undefined,
                ]
              }
            >
              Example of caption
            </Text>
          </View>
        </View>
        <View
          style={
            Array [
              Object {
                "backgroundColor": "transparent",
                "borderRadius": 0,
                "bottom": 0,
                "left": 0,
                "overflow": "hidden",
                "position": "absolute",
                "right": 0,
                "top": 0,
              },
              undefined,
            ]
          }
        >
          <View
            style={
              Object {
                "backgroundColor": "#62e6ac",
                "height": 0,
                "opacity": 0,
                "width": 0,
                "zIndex": 0,
              }
            }
          />
        </View>
      </View>
      <View
        accessible={true}
        focusable={true}
        onClick={[Function]}
        onLayout={[Function]}
        onResponderGrant={[Function]}
        onResponderMove={[Function]}
        onResponderRelease={[Function]}
        onResponderTerminate={[Function]}
        onResponderTerminationRequest={[Function]}
        onStartShouldSetResponder={[Function]}
        pointerEvents="box-only"
        style={
          Array [
            undefined,
            undefined,
          ]
        }
      >
        <View
          style={
            Object {
              "alignItems": "center",
              "display": "flex",
              "flexDirection": "row",
              "height": 44.8,
            }
          }
        >
          <Text />
          <View
            style={
              Object {
                "marginLeft": 4,
              }
            }
          >
            <Text
              style={
                Array [
                  Object {
                    "fontFamily": undefined,
                    "textAlignVertical": "center",
                  },
                  Object {
                    "fontSize": 16,
                    "lineHeight": 24,
                  },
                  undefined,
                  false,
                  undefined,
                  Object {
                    "lineHeight": 16,
                  },
                ]
              }
            >
              ten
            </Text>
            <Text
              lighten={true}
              style={
                Array [
                  Object {
                    "fontFamily": undefined,
                    "textAlignVertical": "center",
                  },
                  Object {
                    "fontSize": 12,
                  },
                  undefined,
                  false,
                  undefined,
                  undefined,
                ]
              }
            >
              Example of caption
            </Text>
          </View>
        </View>
        <View
          style={
            Array [
              Object {
                "backgroundColor": "transparent",
                "borderRadius": 0,
                "bottom": 0,
                "left": 0,
                "overflow": "hidden",
                "position": "absolute",
                "right": 0,
                "top": 0,
              },
              undefined,
            ]
          }
        >
          <View
            style={
              Object {
                "backgroundColor": "#62e6ac",
                "height": 0,
                "opacity": 0,
                "width": 0,
                "zIndex": 0,
              }
            }
          />
        </View>
      </View>
    </View>
  </RCTScrollView>
</View>
`;

exports[`<InputSelect> when {disabled} 1`] = `
<View
  style={
    Object {
      "width": "100%",
    }
  }
>
  <View
    style={
      Array [
        Object {
          "backgroundColor": "transparent",
          "borderWidth": 0,
          "height": "auto",
          "marginHorizontal": 0,
        },
        Object {
          "height": 40,
        },
      ]
    }
  >
    <RCTPicker
      items={Array []}
      onChange={[Function]}
      onResponderTerminationRequest={[Function]}
      onStartShouldSetResponder={[Function]}
      selectedIndex={0}
      style={
        Array [
          Object {
            "height": 216,
          },
          undefined,
        ]
      }
    />
  </View>
</View>
`;

exports[`<InputSelect> when {error} 1`] = `
<View
  style={
    Object {
      "width": "100%",
    }
  }
>
  <Text />
  <View
    style={
      Array [
        Object {
          "backgroundColor": "transparent",
          "borderWidth": 0,
          "height": "auto",
          "marginHorizontal": 0,
        },
        Object {
          "height": 40,
        },
      ]
    }
  >
    <RCTPicker
      items={Array []}
      onChange={[Function]}
      onResponderTerminationRequest={[Function]}
      onStartShouldSetResponder={[Function]}
      selectedIndex={0}
      style={
        Array [
          Object {
            "height": 216,
          },
          undefined,
        ]
      }
    />
  </View>
</View>
`;

exports[`<InputSelect> when {hint} 1`] = `
<View
  style={
    Object {
      "width": "100%",
    }
  }
>
  <Text />
  <View
    style={
      Array [
        Object {
          "backgroundColor": "transparent",
          "borderWidth": 0,
          "height": "auto",
          "marginHorizontal": 0,
        },
        Object {
          "height": 40,
        },
      ]
    }
  >
    <RCTPicker
      items={Array []}
      onChange={[Function]}
      onResponderTerminationRequest={[Function]}
      onStartShouldSetResponder={[Function]}
      selectedIndex={0}
      style={
        Array [
          Object {
            "height": 216,
          },
          undefined,
        ]
      }
    />
  </View>
</View>
`;

exports[`<InputSelect> when {label} 1`] = `
<View
  style={
    Object {
      "width": "100%",
    }
  }
>
  <Text />
  <View
    style={
      Array [
        Object {
          "backgroundColor": "transparent",
          "borderWidth": 0,
          "height": "auto",
          "marginHorizontal": 0,
        },
        Object {
          "height": 40,
        },
      ]
    }
  >
    <RCTPicker
      items={Array []}
      onChange={[Function]}
      onResponderTerminationRequest={[Function]}
      onStartShouldSetResponder={[Function]}
      selectedIndex={0}
      style={
        Array [
          Object {
            "height": 216,
          },
          undefined,
        ]
      }
    />
  </View>
</View>
`;

exports[`<InputSelect> when {style} 1`] = `
<View
  style={
    Object {
      "width": "100%",
    }
  }
>
  <Text />
  <View
    style={
      Array [
        Object {
          "backgroundColor": "transparent",
          "borderWidth": 0,
          "height": "auto",
          "marginHorizontal": 0,
        },
        Object {
          "height": 40,
        },
      ]
    }
  >
    <RCTPicker
      items={Array []}
      onChange={[Function]}
      onResponderTerminationRequest={[Function]}
      onStartShouldSetResponder={[Function]}
      selectedIndex={0}
      style={
        Array [
          Object {
            "height": 216,
          },
          undefined,
        ]
      }
    />
  </View>
</View>
`;

exports[`<InputSelect> when {value} 1`] = `
<View
  style={
    Object {
      "width": "100%",
    }
  }
>
  <Text />
  <View
    accessible={true}
    focusable={true}
    onClick={[Function]}
    onLayout={[Function]}
    onResponderGrant={[Function]}
    onResponderMove={[Function]}
    onResponderRelease={[Function]}
    onResponderTerminate={[Function]}
    onResponderTerminationRequest={[Function]}
    onStartShouldSetResponder={[Function]}
    pointerEvents="box-only"
    style={
      Array [
        undefined,
        undefined,
      ]
    }
  >
    <View
      style={
        Object {
          "alignItems": "center",
          "display": "flex",
          "flexDirection": "row",
          "height": 44.8,
        }
      }
    >
      <Text />
      <View
        style={
          Object {
            "marginLeft": 4,
          }
        }
      >
        <Text
          lighten={false}
          style={
            Array [
              Object {
                "fontFamily": undefined,
                "textAlignVertical": "center",
              },
              Object {
                "fontSize": 16,
                "lineHeight": 24,
              },
              undefined,
              false,
              undefined,
              Object {
                "lineHeight": 16,
              },
            ]
          }
        >
          four
        </Text>
        <Text
          lighten={true}
          style={
            Array [
              Object {
                "fontFamily": undefined,
                "textAlignVertical": "center",
              },
              Object {
                "fontSize": 12,
              },
              undefined,
              false,
              undefined,
              undefined,
            ]
          }
        >
          Example of caption
        </Text>
      </View>
    </View>
    <View
      style={
        Array [
          Object {
            "backgroundColor": "transparent",
            "borderRadius": 0,
            "bottom": 0,
            "left": 0,
            "overflow": "hidden",
            "position": "absolute",
            "right": 0,
            "top": 0,
          },
          undefined,
        ]
      }
    >
      <View
        style={
          Object {
            "backgroundColor": "#62e6ac",
            "height": 0,
            "opacity": 0,
            "width": 0,
            "zIndex": 0,
          }
        }
      />
    </View>
  </View>
  <RCTScrollView
    style={
      Array [
        Object {
          "backgroundColor": "#ffffff",
          "position": "absolute",
          "shadowColor": "#191919",
          "shadowOffset": Object {
            "height": 2,
            "width": 0,
          },
          "shadowOpacity": 0.2,
          "shadowRadius": 8,
          "width": "100%",
        },
        Object {
          "display": "none",
        },
        false,
        Object {
          "maxHeight": 627.1999999999999,
        },
      ]
    }
  >
    <View>
      <View
        accessible={true}
        focusable={true}
        onClick={[Function]}
        onLayout={[Function]}
        onResponderGrant={[Function]}
        onResponderMove={[Function]}
        onResponderRelease={[Function]}
        onResponderTerminate={[Function]}
        onResponderTerminationRequest={[Function]}
        onStartShouldSetResponder={[Function]}
        pointerEvents="box-only"
        style={
          Array [
            undefined,
            undefined,
          ]
        }
      >
        <View
          style={
            Object {
              "alignItems": "center",
              "display": "flex",
              "flexDirection": "row",
              "height": 44.8,
            }
          }
        >
          <Text />
          <View
            style={
              Object {
                "marginLeft": 4,
              }
            }
          >
            <Text
              style={
                Array [
                  Object {
                    "fontFamily": undefined,
                    "textAlignVertical": "center",
                  },
                  Object {
                    "fontSize": 16,
                    "lineHeight": 24,
                  },
                  undefined,
                  false,
                  undefined,
                  Object {
                    "lineHeight": 16,
                  },
                ]
              }
            >
              one
            </Text>
            <Text
              lighten={true}
              style={
                Array [
                  Object {
                    "fontFamily": undefined,
                    "textAlignVertical": "center",
                  },
                  Object {
                    "fontSize": 12,
                  },
                  undefined,
                  false,
                  undefined,
                  undefined,
                ]
              }
            >
              Example of caption
            </Text>
          </View>
        </View>
        <View
          style={
            Array [
              Object {
                "backgroundColor": "transparent",
                "borderRadius": 0,
                "bottom": 0,
                "left": 0,
                "overflow": "hidden",
                "position": "absolute",
                "right": 0,
                "top": 0,
              },
              undefined,
            ]
          }
        >
          <View
            style={
              Object {
                "backgroundColor": "#62e6ac",
                "height": 0,
                "opacity": 0,
                "width": 0,
                "zIndex": 0,
              }
            }
          />
        </View>
      </View>
      <View
        accessible={true}
        focusable={true}
        onClick={[Function]}
        onLayout={[Function]}
        onResponderGrant={[Function]}
        onResponderMove={[Function]}
        onResponderRelease={[Function]}
        onResponderTerminate={[Function]}
        onResponderTerminationRequest={[Function]}
        onStartShouldSetResponder={[Function]}
        pointerEvents="box-only"
        style={
          Array [
            undefined,
            undefined,
          ]
        }
      >
        <View
          style={
            Object {
              "alignItems": "center",
              "display": "flex",
              "flexDirection": "row",
              "height": 44.8,
            }
          }
        >
          <Text />
          <View
            style={
              Object {
                "marginLeft": 4,
              }
            }
          >
            <Text
              style={
                Array [
                  Object {
                    "fontFamily": undefined,
                    "textAlignVertical": "center",
                  },
                  Object {
                    "fontSize": 16,
                    "lineHeight": 24,
                  },
                  undefined,
                  false,
                  undefined,
                  Object {
                    "lineHeight": 16,
                  },
                ]
              }
            >
              two
            </Text>
            <Text
              lighten={true}
              style={
                Array [
                  Object {
                    "fontFamily": undefined,
                    "textAlignVertical": "center",
                  },
                  Object {
                    "fontSize": 12,
                  },
                  undefined,
                  false,
                  undefined,
                  undefined,
                ]
              }
            >
              Example of caption
            </Text>
          </View>
        </View>
        <View
          style={
            Array [
              Object {
                "backgroundColor": "transparent",
                "borderRadius": 0,
                "bottom": 0,
                "left": 0,
                "overflow": "hidden",
                "position": "absolute",
                "right": 0,
                "top": 0,
              },
              undefined,
            ]
          }
        >
          <View
            style={
              Object {
                "backgroundColor": "#62e6ac",
                "height": 0,
                "opacity": 0,
                "width": 0,
                "zIndex": 0,
              }
            }
          />
        </View>
      </View>
      <View
        accessible={true}
        focusable={true}
        onClick={[Function]}
        onLayout={[Function]}
        onResponderGrant={[Function]}
        onResponderMove={[Function]}
        onResponderRelease={[Function]}
        onResponderTerminate={[Function]}
        onResponderTerminationRequest={[Function]}
        onStartShouldSetResponder={[Function]}
        pointerEvents="box-only"
        style={
          Array [
            undefined,
            undefined,
          ]
        }
      >
        <View
          style={
            Object {
              "alignItems": "center",
              "display": "flex",
              "flexDirection": "row",
              "height": 44.8,
            }
          }
        >
          <Text />
          <View
            style={
              Object {
                "marginLeft": 4,
              }
            }
          >
            <Text
              style={
                Array [
                  Object {
                    "fontFamily": undefined,
                    "textAlignVertical": "center",
                  },
                  Object {
                    "fontSize": 16,
                    "lineHeight": 24,
                  },
                  undefined,
                  false,
                  undefined,
                  Object {
                    "lineHeight": 16,
                  },
                ]
              }
            >
              three
            </Text>
            <Text
              lighten={true}
              style={
                Array [
                  Object {
                    "fontFamily": undefined,
                    "textAlignVertical": "center",
                  },
                  Object {
                    "fontSize": 12,
                  },
                  undefined,
                  false,
                  undefined,
                  undefined,
                ]
              }
            >
              Example of caption
            </Text>
          </View>
        </View>
        <View
          style={
            Array [
              Object {
                "backgroundColor": "transparent",
                "borderRadius": 0,
                "bottom": 0,
                "left": 0,
                "overflow": "hidden",
                "position": "absolute",
                "right": 0,
                "top": 0,
              },
              undefined,
            ]
          }
        >
          <View
            style={
              Object {
                "backgroundColor": "#62e6ac",
                "height": 0,
                "opacity": 0,
                "width": 0,
                "zIndex": 0,
              }
            }
          />
        </View>
      </View>
      <View
        accessible={true}
        focusable={true}
        onClick={[Function]}
        onLayout={[Function]}
        onResponderGrant={[Function]}
        onResponderMove={[Function]}
        onResponderRelease={[Function]}
        onResponderTerminate={[Function]}
        onResponderTerminationRequest={[Function]}
        onStartShouldSetResponder={[Function]}
        pointerEvents="box-only"
        style={
          Array [
            undefined,
            undefined,
          ]
        }
      >
        <View
          style={
            Object {
              "alignItems": "center",
              "display": "flex",
              "flexDirection": "row",
              "height": 44.8,
            }
          }
        >
          <Text />
          <View
            style={
              Object {
                "marginLeft": 4,
              }
            }
          >
            <Text
              style={
                Array [
                  Object {
                    "fontFamily": undefined,
                    "textAlignVertical": "center",
                  },
                  Object {
                    "fontSize": 16,
                    "lineHeight": 24,
                  },
                  undefined,
                  false,
                  undefined,
                  Object {
                    "lineHeight": 16,
                  },
                ]
              }
            >
              four
            </Text>
            <Text
              lighten={true}
              style={
                Array [
                  Object {
                    "fontFamily": undefined,
                    "textAlignVertical": "center",
                  },
                  Object {
                    "fontSize": 12,
                  },
                  undefined,
                  false,
                  undefined,
                  undefined,
                ]
              }
            >
              Example of caption
            </Text>
          </View>
        </View>
        <View
          style={
            Array [
              Object {
                "backgroundColor": "transparent",
                "borderRadius": 0,
                "bottom": 0,
                "left": 0,
                "overflow": "hidden",
                "position": "absolute",
                "right": 0,
                "top": 0,
              },
              undefined,
            ]
          }
        >
          <View
            style={
              Object {
                "backgroundColor": "#62e6ac",
                "height": 0,
                "opacity": 0,
                "width": 0,
                "zIndex": 0,
              }
            }
          />
        </View>
      </View>
      <View
        accessible={true}
        focusable={true}
        onClick={[Function]}
        onLayout={[Function]}
        onResponderGrant={[Function]}
        onResponderMove={[Function]}
        onResponderRelease={[Function]}
        onResponderTerminate={[Function]}
        onResponderTerminationRequest={[Function]}
        onStartShouldSetResponder={[Function]}
        pointerEvents="box-only"
        style={
          Array [
            undefined,
            undefined,
          ]
        }
      >
        <View
          style={
            Object {
              "alignItems": "center",
              "display": "flex",
              "flexDirection": "row",
              "height": 44.8,
            }
          }
        >
          <Text />
          <View
            style={
              Object {
                "marginLeft": 4,
              }
            }
          >
            <Text
              style={
                Array [
                  Object {
                    "fontFamily": undefined,
                    "textAlignVertical": "center",
                  },
                  Object {
                    "fontSize": 16,
                    "lineHeight": 24,
                  },
                  undefined,
                  false,
                  undefined,
                  Object {
                    "lineHeight": 16,
                  },
                ]
              }
            >
              five
            </Text>
            <Text
              lighten={true}
              style={
                Array [
                  Object {
                    "fontFamily": undefined,
                    "textAlignVertical": "center",
                  },
                  Object {
                    "fontSize": 12,
                  },
                  undefined,
                  false,
                  undefined,
                  undefined,
                ]
              }
            >
              Example of caption
            </Text>
          </View>
        </View>
        <View
          style={
            Array [
              Object {
                "backgroundColor": "transparent",
                "borderRadius": 0,
                "bottom": 0,
                "left": 0,
                "overflow": "hidden",
                "position": "absolute",
                "right": 0,
                "top": 0,
              },
              undefined,
            ]
          }
        >
          <View
            style={
              Object {
                "backgroundColor": "#62e6ac",
                "height": 0,
                "opacity": 0,
                "width": 0,
                "zIndex": 0,
              }
            }
          />
        </View>
      </View>
      <View
        accessible={true}
        focusable={true}
        onClick={[Function]}
        onLayout={[Function]}
        onResponderGrant={[Function]}
        onResponderMove={[Function]}
        onResponderRelease={[Function]}
        onResponderTerminate={[Function]}
        onResponderTerminationRequest={[Function]}
        onStartShouldSetResponder={[Function]}
        pointerEvents="box-only"
        style={
          Array [
            undefined,
            undefined,
          ]
        }
      >
        <View
          style={
            Object {
              "alignItems": "center",
              "display": "flex",
              "flexDirection": "row",
              "height": 44.8,
            }
          }
        >
          <Text />
          <View
            style={
              Object {
                "marginLeft": 4,
              }
            }
          >
            <Text
              style={
                Array [
                  Object {
                    "fontFamily": undefined,
                    "textAlignVertical": "center",
                  },
                  Object {
                    "fontSize": 16,
                    "lineHeight": 24,
                  },
                  undefined,
                  false,
                  undefined,
                  Object {
                    "lineHeight": 16,
                  },
                ]
              }
            >
              six
            </Text>
            <Text
              lighten={true}
              style={
                Array [
                  Object {
                    "fontFamily": undefined,
                    "textAlignVertical": "center",
                  },
                  Object {
                    "fontSize": 12,
                  },
                  undefined,
                  false,
                  undefined,
                  undefined,
                ]
              }
            >
              Example of caption
            </Text>
          </View>
        </View>
        <View
          style={
            Array [
              Object {
                "backgroundColor": "transparent",
                "borderRadius": 0,
                "bottom": 0,
                "left": 0,
                "overflow": "hidden",
                "position": "absolute",
                "right": 0,
                "top": 0,
              },
              undefined,
            ]
          }
        >
          <View
            style={
              Object {
                "backgroundColor": "#62e6ac",
                "height": 0,
                "opacity": 0,
                "width": 0,
                "zIndex": 0,
              }
            }
          />
        </View>
      </View>
      <View
        accessible={true}
        focusable={true}
        onClick={[Function]}
        onLayout={[Function]}
        onResponderGrant={[Function]}
        onResponderMove={[Function]}
        onResponderRelease={[Function]}
        onResponderTerminate={[Function]}
        onResponderTerminationRequest={[Function]}
        onStartShouldSetResponder={[Function]}
        pointerEvents="box-only"
        style={
          Array [
            undefined,
            undefined,
          ]
        }
      >
        <View
          style={
            Object {
              "alignItems": "center",
              "display": "flex",
              "flexDirection": "row",
              "height": 44.8,
            }
          }
        >
          <Text />
          <View
            style={
              Object {
                "marginLeft": 4,
              }
            }
          >
            <Text
              style={
                Array [
                  Object {
                    "fontFamily": undefined,
                    "textAlignVertical": "center",
                  },
                  Object {
                    "fontSize": 16,
                    "lineHeight": 24,
                  },
                  undefined,
                  false,
                  undefined,
                  Object {
                    "lineHeight": 16,
                  },
                ]
              }
            >
              seven
            </Text>
            <Text
              lighten={true}
              style={
                Array [
                  Object {
                    "fontFamily": undefined,
                    "textAlignVertical": "center",
                  },
                  Object {
                    "fontSize": 12,
                  },
                  undefined,
                  false,
                  undefined,
                  undefined,
                ]
              }
            >
              Example of caption
            </Text>
          </View>
        </View>
        <View
          style={
            Array [
              Object {
                "backgroundColor": "transparent",
                "borderRadius": 0,
                "bottom": 0,
                "left": 0,
                "overflow": "hidden",
                "position": "absolute",
                "right": 0,
                "top": 0,
              },
              undefined,
            ]
          }
        >
          <View
            style={
              Object {
                "backgroundColor": "#62e6ac",
                "height": 0,
                "opacity": 0,
                "width": 0,
                "zIndex": 0,
              }
            }
          />
        </View>
      </View>
      <View
        accessible={true}
        focusable={true}
        onClick={[Function]}
        onLayout={[Function]}
        onResponderGrant={[Function]}
        onResponderMove={[Function]}
        onResponderRelease={[Function]}
        onResponderTerminate={[Function]}
        onResponderTerminationRequest={[Function]}
        onStartShouldSetResponder={[Function]}
        pointerEvents="box-only"
        style={
          Array [
            undefined,
            undefined,
          ]
        }
      >
        <View
          style={
            Object {
              "alignItems": "center",
              "display": "flex",
              "flexDirection": "row",
              "height": 44.8,
            }
          }
        >
          <Text />
          <View
            style={
              Object {
                "marginLeft": 4,
              }
            }
          >
            <Text
              style={
                Array [
                  Object {
                    "fontFamily": undefined,
                    "textAlignVertical": "center",
                  },
                  Object {
                    "fontSize": 16,
                    "lineHeight": 24,
                  },
                  undefined,
                  false,
                  undefined,
                  Object {
                    "lineHeight": 16,
                  },
                ]
              }
            >
              eight
            </Text>
            <Text
              lighten={true}
              style={
                Array [
                  Object {
                    "fontFamily": undefined,
                    "textAlignVertical": "center",
                  },
                  Object {
                    "fontSize": 12,
                  },
                  undefined,
                  false,
                  undefined,
                  undefined,
                ]
              }
            >
              Example of caption
            </Text>
          </View>
        </View>
        <View
          style={
            Array [
              Object {
                "backgroundColor": "transparent",
                "borderRadius": 0,
                "bottom": 0,
                "left": 0,
                "overflow": "hidden",
                "position": "absolute",
                "right": 0,
                "top": 0,
              },
              undefined,
            ]
          }
        >
          <View
            style={
              Object {
                "backgroundColor": "#62e6ac",
                "height": 0,
                "opacity": 0,
                "width": 0,
                "zIndex": 0,
              }
            }
          />
        </View>
      </View>
      <View
        accessible={true}
        focusable={true}
        onClick={[Function]}
        onLayout={[Function]}
        onResponderGrant={[Function]}
        onResponderMove={[Function]}
        onResponderRelease={[Function]}
        onResponderTerminate={[Function]}
        onResponderTerminationRequest={[Function]}
        onStartShouldSetResponder={[Function]}
        pointerEvents="box-only"
        style={
          Array [
            undefined,
            undefined,
          ]
        }
      >
        <View
          style={
            Object {
              "alignItems": "center",
              "display": "flex",
              "flexDirection": "row",
              "height": 44.8,
            }
          }
        >
          <Text />
          <View
            style={
              Object {
                "marginLeft": 4,
              }
            }
          >
            <Text
              style={
                Array [
                  Object {
                    "fontFamily": undefined,
                    "textAlignVertical": "center",
                  },
                  Object {
                    "fontSize": 16,
                    "lineHeight": 24,
                  },
                  undefined,
                  false,
                  undefined,
                  Object {
                    "lineHeight": 16,
                  },
                ]
              }
            >
              nine
            </Text>
            <Text
              lighten={true}
              style={
                Array [
                  Object {
                    "fontFamily": undefined,
                    "textAlignVertical": "center",
                  },
                  Object {
                    "fontSize": 12,
                  },
                  undefined,
                  false,
                  undefined,
                  undefined,
                ]
              }
            >
              Example of caption
            </Text>
          </View>
        </View>
        <View
          style={
            Array [
              Object {
                "backgroundColor": "transparent",
                "borderRadius": 0,
                "bottom": 0,
                "left": 0,
                "overflow": "hidden",
                "position": "absolute",
                "right": 0,
                "top": 0,
              },
              undefined,
            ]
          }
        >
          <View
            style={
              Object {
                "backgroundColor": "#62e6ac",
                "height": 0,
                "opacity": 0,
                "width": 0,
                "zIndex": 0,
              }
            }
          />
        </View>
      </View>
      <View
        accessible={true}
        focusable={true}
        onClick={[Function]}
        onLayout={[Function]}
        onResponderGrant={[Function]}
        onResponderMove={[Function]}
        onResponderRelease={[Function]}
        onResponderTerminate={[Function]}
        onResponderTerminationRequest={[Function]}
        onStartShouldSetResponder={[Function]}
        pointerEvents="box-only"
        style={
          Array [
            undefined,
            undefined,
          ]
        }
      >
        <View
          style={
            Object {
              "alignItems": "center",
              "display": "flex",
              "flexDirection": "row",
              "height": 44.8,
            }
          }
        >
          <Text />
          <View
            style={
              Object {
                "marginLeft": 4,
              }
            }
          >
            <Text
              style={
                Array [
                  Object {
                    "fontFamily": undefined,
                    "textAlignVertical": "center",
                  },
                  Object {
                    "fontSize": 16,
                    "lineHeight": 24,
                  },
                  undefined,
                  false,
                  undefined,
                  Object {
                    "lineHeight": 16,
                  },
                ]
              }
            >
              ten
            </Text>
            <Text
              lighten={true}
              style={
                Array [
                  Object {
                    "fontFamily": undefined,
                    "textAlignVertical": "center",
                  },
                  Object {
                    "fontSize": 12,
                  },
                  undefined,
                  false,
                  undefined,
                  undefined,
                ]
              }
            >
              Example of caption
            </Text>
          </View>
        </View>
        <View
          style={
            Array [
              Object {
                "backgroundColor": "transparent",
                "borderRadius": 0,
                "bottom": 0,
                "left": 0,
                "overflow": "hidden",
                "position": "absolute",
                "right": 0,
                "top": 0,
              },
              undefined,
            ]
          }
        >
          <View
            style={
              Object {
                "backgroundColor": "#62e6ac",
                "height": 0,
                "opacity": 0,
                "width": 0,
                "zIndex": 0,
              }
            }
          />
        </View>
      </View>
    </View>
  </RCTScrollView>
</View>
`;
