// Jest Snapshot v1, https://goo.gl/fbAQLP

exports[`<InputOption> label 1`] = `
<View
  accessible={true}
  focusable={false}
  onClick={[Function]}
  onResponderGrant={[Function]}
  onResponderMove={[Function]}
  onResponderRelease={[Function]}
  onResponderTerminate={[Function]}
  onResponderTerminationRequest={[Function]}
  onStartShouldSetResponder={[Function]}
  pointerEvents="none"
  style={
    Array [
      undefined,
      Array [
        Object {
          "alignItems": "center",
          "display": "flex",
          "flexDirection": "row",
        },
        Object {
          "height": 40,
        },
      ],
    ]
  }
>
  <Text />
  <View
    style={
      Array [
        Object {
          "backgroundColor": "transparent",
          "borderRadius": 0,
          "bottom": 0,
          "left": 0,
          "overflow": "hidden",
          "position": "absolute",
          "right": 0,
          "top": 0,
        },
        undefined,
      ]
    }
  >
    <View
      style={
        Object {
          "backgroundColor": "#ffffff",
          "height": 0,
          "opacity": 0,
          "width": 0,
          "zIndex": 0,
        }
      }
    />
  </View>
</View>
`;

exports[`<InputOption> othersy:style 1`] = `
<View
  accessible={true}
  focusable={false}
  onClick={[Function]}
  onResponderGrant={[Function]}
  onResponderMove={[Function]}
  onResponderRelease={[Function]}
  onResponderTerminate={[Function]}
  onResponderTerminationRequest={[Function]}
  onStartShouldSetResponder={[Function]}
  pointerEvents="none"
  style={
    Array [
      undefined,
      Array [
        Object {
          "alignItems": "center",
          "display": "flex",
          "flexDirection": "row",
        },
        Object {
          "height": 40,
        },
      ],
    ]
  }
>
  <Text />
  <View
    style={
      Array [
        Object {
          "backgroundColor": "transparent",
          "borderRadius": 0,
          "bottom": 0,
          "left": 0,
          "overflow": "hidden",
          "position": "absolute",
          "right": 0,
          "top": 0,
        },
        undefined,
      ]
    }
  >
    <View
      style={
        Object {
          "backgroundColor": "#ffffff",
          "height": 0,
          "opacity": 0,
          "width": 0,
          "zIndex": 0,
        }
      }
    />
  </View>
</View>
`;

exports[`<InputOption> renders 1`] = `
<View
  accessible={true}
  focusable={false}
  onClick={[Function]}
  onResponderGrant={[Function]}
  onResponderMove={[Function]}
  onResponderRelease={[Function]}
  onResponderTerminate={[Function]}
  onResponderTerminationRequest={[Function]}
  onStartShouldSetResponder={[Function]}
  pointerEvents="none"
  style={
    Array [
      undefined,
      Array [
        Object {
          "alignItems": "center",
          "display": "flex",
          "flexDirection": "row",
        },
        Object {
          "height": 40,
        },
      ],
    ]
  }
>
  <Text />
  <View
    style={
      Array [
        Object {
          "backgroundColor": "transparent",
          "borderRadius": 0,
          "bottom": 0,
          "left": 0,
          "overflow": "hidden",
          "position": "absolute",
          "right": 0,
          "top": 0,
        },
        undefined,
      ]
    }
  >
    <View
      style={
        Object {
          "backgroundColor": "#ffffff",
          "height": 0,
          "opacity": 0,
          "width": 0,
          "zIndex": 0,
        }
      }
    />
  </View>
</View>
`;

exports[`<InputOption> rounded (false) 1`] = `
<View
  accessible={true}
  focusable={false}
  onClick={[Function]}
  onResponderGrant={[Function]}
  onResponderMove={[Function]}
  onResponderRelease={[Function]}
  onResponderTerminate={[Function]}
  onResponderTerminationRequest={[Function]}
  onStartShouldSetResponder={[Function]}
  pointerEvents="none"
  style={
    Array [
      undefined,
      Array [
        Object {
          "alignItems": "center",
          "display": "flex",
          "flexDirection": "row",
        },
        Object {
          "height": 40,
        },
      ],
    ]
  }
>
  <Text />
  <View
    style={
      Array [
        Object {
          "backgroundColor": "transparent",
          "borderRadius": 0,
          "bottom": 0,
          "left": 0,
          "overflow": "hidden",
          "position": "absolute",
          "right": 0,
          "top": 0,
        },
        undefined,
      ]
    }
  >
    <View
      style={
        Object {
          "backgroundColor": "#ffffff",
          "height": 0,
          "opacity": 0,
          "width": 0,
          "zIndex": 0,
        }
      }
    />
  </View>
</View>
`;

exports[`<InputOption> value 1`] = `
<View
  accessible={true}
  focusable={false}
  onClick={[Function]}
  onResponderGrant={[Function]}
  onResponderMove={[Function]}
  onResponderRelease={[Function]}
  onResponderTerminate={[Function]}
  onResponderTerminationRequest={[Function]}
  onStartShouldSetResponder={[Function]}
  pointerEvents="none"
  style={
    Array [
      undefined,
      Array [
        Object {
          "alignItems": "center",
          "display": "flex",
          "flexDirection": "row",
        },
        Object {
          "height": 40,
        },
      ],
    ]
  }
>
  <Text />
  <View
    style={
      Array [
        Object {
          "backgroundColor": "transparent",
          "borderRadius": 0,
          "bottom": 0,
          "left": 0,
          "overflow": "hidden",
          "position": "absolute",
          "right": 0,
          "top": 0,
        },
        undefined,
      ]
    }
  >
    <View
      style={
        Object {
          "backgroundColor": "#ffffff",
          "height": 0,
          "opacity": 0,
          "width": 0,
          "zIndex": 0,
        }
      }
    />
  </View>
</View>
`;
